[12.838s] Invoking command in '/home/rpi/ros2_ws/src/data_collection': PYTHONPATH=/home/rpi/ros2_ws/build/data_collection/prefix_override:/home/rpi/ros2_ws/install/data_collection/lib/python3.10/site-packages:${PYTHONPATH} /usr/bin/python3 setup.py egg_info --egg-base ../../build/data_collection build --build-base /home/rpi/ros2_ws/build/data_collection/build install --record /home/rpi/ros2_ws/build/data_collection/install.log --single-version-externally-managed
[15.478s] running egg_info
[15.488s] writing ../../build/data_collection/data_collection.egg-info/PKG-INFO
[15.498s] writing dependency_links to ../../build/data_collection/data_collection.egg-info/dependency_links.txt
[15.499s] writing entry points to ../../build/data_collection/data_collection.egg-info/entry_points.txt
[15.502s] writing requirements to ../../build/data_collection/data_collection.egg-info/requires.txt
[15.503s] writing top-level names to ../../build/data_collection/data_collection.egg-info/top_level.txt
[15.525s] reading manifest file '../../build/data_collection/data_collection.egg-info/SOURCES.txt'
[15.536s] writing manifest file '../../build/data_collection/data_collection.egg-info/SOURCES.txt'
[15.538s] running build
[15.544s] running build_py
[15.547s] running install
[15.550s] running install_lib
[15.559s] running install_data
[15.565s] running install_egg_info
[15.581s] removing '/home/rpi/ros2_ws/install/data_collection/lib/python3.10/site-packages/data_collection-0.0.0-py3.10.egg-info' (and everything under it)
[15.585s] Copying ../../build/data_collection/data_collection.egg-info to /home/rpi/ros2_ws/install/data_collection/lib/python3.10/site-packages/data_collection-0.0.0-py3.10.egg-info
[15.597s] running install_scripts
[15.701s] Installing csv_writer script to /home/rpi/ros2_ws/install/data_collection/lib/data_collection
[15.704s] writing list of installed files to '/home/rpi/ros2_ws/build/data_collection/install.log'
[16.605s] Invoked command in '/home/rpi/ros2_ws/src/data_collection' returned '0': PYTHONPATH=/home/rpi/ros2_ws/build/data_collection/prefix_override:/home/rpi/ros2_ws/install/data_collection/lib/python3.10/site-packages:${PYTHONPATH} /usr/bin/python3 setup.py egg_info --egg-base ../../build/data_collection build --build-base /home/rpi/ros2_ws/build/data_collection/build install --record /home/rpi/ros2_ws/build/data_collection/install.log --single-version-externally-managed
