[18.248s] Invoking command in '/home/rpi/ros2_ws/src/data_collection': PYTHONPATH=/home/rpi/ros2_ws/build/data_collection/prefix_override:/home/rpi/ros2_ws/install/data_collection/lib/python3.10/site-packages:${PYTHONPATH} /usr/bin/python3 setup.py egg_info --egg-base ../../build/data_collection build --build-base /home/rpi/ros2_ws/build/data_collection/build install --record /home/rpi/ros2_ws/build/data_collection/install.log --single-version-externally-managed
[22.013s] running egg_info
[22.017s] writing ../../build/data_collection/data_collection.egg-info/PKG-INFO
[22.020s] writing dependency_links to ../../build/data_collection/data_collection.egg-info/dependency_links.txt
[22.022s] writing entry points to ../../build/data_collection/data_collection.egg-info/entry_points.txt
[22.027s] writing requirements to ../../build/data_collection/data_collection.egg-info/requires.txt
[22.033s] writing top-level names to ../../build/data_collection/data_collection.egg-info/top_level.txt
[22.059s] reading manifest file '../../build/data_collection/data_collection.egg-info/SOURCES.txt'
[22.066s] writing manifest file '../../build/data_collection/data_collection.egg-info/SOURCES.txt'
[22.069s] running build
[22.069s] running build_py
[22.082s] running install
[22.085s] running install_lib
[22.113s] running install_data
[22.119s] running install_egg_info
[22.158s] removing '/home/rpi/ros2_ws/install/data_collection/lib/python3.10/site-packages/data_collection-0.0.0-py3.10.egg-info' (and everything under it)
[22.164s] Copying ../../build/data_collection/data_collection.egg-info to /home/rpi/ros2_ws/install/data_collection/lib/python3.10/site-packages/data_collection-0.0.0-py3.10.egg-info
[22.193s] running install_scripts
[22.491s] Installing csv_writer script to /home/rpi/ros2_ws/install/data_collection/lib/data_collection
[22.508s] writing list of installed files to '/home/rpi/ros2_ws/build/data_collection/install.log'
[25.108s] Invoked command in '/home/rpi/ros2_ws/src/data_collection' returned '0': PYTHONPATH=/home/rpi/ros2_ws/build/data_collection/prefix_override:/home/rpi/ros2_ws/install/data_collection/lib/python3.10/site-packages:${PYTHONPATH} /usr/bin/python3 setup.py egg_info --egg-base ../../build/data_collection build --build-base /home/rpi/ros2_ws/build/data_collection/build install --record /home/rpi/ros2_ws/build/data_collection/install.log --single-version-externally-managed
