[12.082s] Invoking command in '/home/rpi/ros2_ws/src/hri_comms': PYTHONPATH=/home/rpi/ros2_ws/build/hri_comms/prefix_override:/home/rpi/ros2_ws/install/hri_comms/lib/python3.10/site-packages:${PYTHONPATH} /usr/bin/python3 setup.py egg_info --egg-base ../../build/hri_comms build --build-base /home/rpi/ros2_ws/build/hri_comms/build install --record /home/rpi/ros2_ws/build/hri_comms/install.log --single-version-externally-managed
[14.327s] running egg_info
[14.333s] writing ../../build/hri_comms/hri_comms.egg-info/PKG-INFO
[14.342s] writing dependency_links to ../../build/hri_comms/hri_comms.egg-info/dependency_links.txt
[14.346s] writing entry points to ../../build/hri_comms/hri_comms.egg-info/entry_points.txt
[14.349s] writing requirements to ../../build/hri_comms/hri_comms.egg-info/requires.txt
[14.352s] writing top-level names to ../../build/hri_comms/hri_comms.egg-info/top_level.txt
[14.365s] reading manifest file '../../build/hri_comms/hri_comms.egg-info/SOURCES.txt'
[14.370s] writing manifest file '../../build/hri_comms/hri_comms.egg-info/SOURCES.txt'
[14.371s] running build
[14.372s] running build_py
[14.374s] running install
[14.377s] running install_lib
[14.387s] running install_data
[14.391s] running install_egg_info
[14.402s] removing '/home/rpi/ros2_ws/install/hri_comms/lib/python3.10/site-packages/hri_comms-0.0.0-py3.10.egg-info' (and everything under it)
[14.405s] Copying ../../build/hri_comms/hri_comms.egg-info to /home/rpi/ros2_ws/install/hri_comms/lib/python3.10/site-packages/hri_comms-0.0.0-py3.10.egg-info
[14.415s] running install_scripts
[14.547s] Installing data_handler script to /home/rpi/ros2_ws/install/hri_comms/lib/hri_comms
[14.548s] Installing udp_server script to /home/rpi/ros2_ws/install/hri_comms/lib/hri_comms
[14.553s] writing list of installed files to '/home/rpi/ros2_ws/build/hri_comms/install.log'
[14.806s] Invoked command in '/home/rpi/ros2_ws/src/hri_comms' returned '0': PYTHONPATH=/home/rpi/ros2_ws/build/hri_comms/prefix_override:/home/rpi/ros2_ws/install/hri_comms/lib/python3.10/site-packages:${PYTHONPATH} /usr/bin/python3 setup.py egg_info --egg-base ../../build/hri_comms build --build-base /home/rpi/ros2_ws/build/hri_comms/build install --record /home/rpi/ros2_ws/build/hri_comms/install.log --single-version-externally-managed
