running egg_info
creating ../../build/actuators/actuators.egg-info
writing ../../build/actuators/actuators.egg-info/PKG-INFO
writing dependency_links to ../../build/actuators/actuators.egg-info/dependency_links.txt
writing entry points to ../../build/actuators/actuators.egg-info/entry_points.txt
writing requirements to ../../build/actuators/actuators.egg-info/requires.txt
writing top-level names to ../../build/actuators/actuators.egg-info/top_level.txt
writing manifest file '../../build/actuators/actuators.egg-info/SOURCES.txt'
reading manifest file '../../build/actuators/actuators.egg-info/SOURCES.txt'
writing manifest file '../../build/actuators/actuators.egg-info/SOURCES.txt'
running build
running build_py
creating /home/rpi/ros2_ws/build/actuators/build
creating /home/rpi/ros2_ws/build/actuators/build/lib
creating /home/rpi/ros2_ws/build/actuators/build/lib/actuators
copying actuators/__init__.py -> /home/rpi/ros2_ws/build/actuators/build/lib/actuators
running install
running install_lib
creating /home/rpi/ros2_ws/install/actuators/lib/python3.10/site-packages/actuators
copying /home/rpi/ros2_ws/build/actuators/build/lib/actuators/__init__.py -> /home/rpi/ros2_ws/install/actuators/lib/python3.10/site-packages/actuators
byte-compiling /home/rpi/ros2_ws/install/actuators/lib/python3.10/site-packages/actuators/__init__.py to __init__.cpython-310.pyc
running install_data
creating /home/rpi/ros2_ws/install/actuators/share/ament_index
creating /home/rpi/ros2_ws/install/actuators/share/ament_index/resource_index
creating /home/rpi/ros2_ws/install/actuators/share/ament_index/resource_index/packages
copying resource/actuators -> /home/rpi/ros2_ws/install/actuators/share/ament_index/resource_index/packages
copying package.xml -> /home/rpi/ros2_ws/install/actuators/share/actuators
running install_egg_info
Copying ../../build/actuators/actuators.egg-info to /home/rpi/ros2_ws/install/actuators/lib/python3.10/site-packages/actuators-0.0.0-py3.10.egg-info
running install_scripts
writing list of installed files to '/home/rpi/ros2_ws/build/actuators/install.log'
