[12.877s] Invoking command in '/home/rpi/ros2_ws/src/actuators': PYTHONPATH=/home/rpi/ros2_ws/build/actuators/prefix_override:/home/rpi/ros2_ws/install/actuators/lib/python3.10/site-packages:${PYTHONPATH} /usr/bin/python3 setup.py egg_info --egg-base ../../build/actuators build --build-base /home/rpi/ros2_ws/build/actuators/build install --record /home/rpi/ros2_ws/build/actuators/install.log --single-version-externally-managed
[15.040s] running egg_info
[15.044s] creating ../../build/actuators/actuators.egg-info
[15.046s] writing ../../build/actuators/actuators.egg-info/PKG-INFO
[15.047s] writing dependency_links to ../../build/actuators/actuators.egg-info/dependency_links.txt
[15.048s] writing entry points to ../../build/actuators/actuators.egg-info/entry_points.txt
[15.050s] writing requirements to ../../build/actuators/actuators.egg-info/requires.txt
[15.050s] writing top-level names to ../../build/actuators/actuators.egg-info/top_level.txt
[15.052s] writing manifest file '../../build/actuators/actuators.egg-info/SOURCES.txt'
[15.063s] reading manifest file '../../build/actuators/actuators.egg-info/SOURCES.txt'
[15.071s] writing manifest file '../../build/actuators/actuators.egg-info/SOURCES.txt'
[15.075s] running build
[15.076s] running build_py
[15.077s] creating /home/rpi/ros2_ws/build/actuators/build
[15.078s] creating /home/rpi/ros2_ws/build/actuators/build/lib
[15.079s] creating /home/rpi/ros2_ws/build/actuators/build/lib/actuators
[15.080s] copying actuators/__init__.py -> /home/rpi/ros2_ws/build/actuators/build/lib/actuators
[15.081s] running install
[15.082s] running install_lib
[15.090s] creating /home/rpi/ros2_ws/install/actuators/lib/python3.10/site-packages/actuators
[15.092s] copying /home/rpi/ros2_ws/build/actuators/build/lib/actuators/__init__.py -> /home/rpi/ros2_ws/install/actuators/lib/python3.10/site-packages/actuators
[15.095s] byte-compiling /home/rpi/ros2_ws/install/actuators/lib/python3.10/site-packages/actuators/__init__.py to __init__.cpython-310.pyc
[15.097s] running install_data
[15.101s] creating /home/rpi/ros2_ws/install/actuators/share/ament_index
[15.102s] creating /home/rpi/ros2_ws/install/actuators/share/ament_index/resource_index
[15.103s] creating /home/rpi/ros2_ws/install/actuators/share/ament_index/resource_index/packages
[15.104s] copying resource/actuators -> /home/rpi/ros2_ws/install/actuators/share/ament_index/resource_index/packages
[15.105s] copying package.xml -> /home/rpi/ros2_ws/install/actuators/share/actuators
[15.106s] running install_egg_info
[15.116s] Copying ../../build/actuators/actuators.egg-info to /home/rpi/ros2_ws/install/actuators/lib/python3.10/site-packages/actuators-0.0.0-py3.10.egg-info
[15.127s] running install_scripts
[15.298s] writing list of installed files to '/home/rpi/ros2_ws/build/actuators/install.log'
[16.672s] Invoked command in '/home/rpi/ros2_ws/src/actuators' returned '0': PYTHONPATH=/home/rpi/ros2_ws/build/actuators/prefix_override:/home/rpi/ros2_ws/install/actuators/lib/python3.10/site-packages:${PYTHONPATH} /usr/bin/python3 setup.py egg_info --egg-base ../../build/actuators build --build-base /home/rpi/ros2_ws/build/actuators/build install --record /home/rpi/ros2_ws/build/actuators/install.log --single-version-externally-managed
