[11.403s] Invoking command in '/home/rpi/ros2_ws/src/servo_controller': PYTHONPATH=/home/rpi/ros2_ws/build/servo_controller/prefix_override:/home/rpi/ros2_ws/install/servo_controller/lib/python3.10/site-packages:${PYTHONPATH} /usr/bin/python3 setup.py egg_info --egg-base ../../build/servo_controller build --build-base /home/rpi/ros2_ws/build/servo_controller/build install --record /home/rpi/ros2_ws/build/servo_controller/install.log --single-version-externally-managed
[13.871s] running egg_info
[13.878s] writing ../../build/servo_controller/servo_controller.egg-info/PKG-INFO
[13.880s] writing dependency_links to ../../build/servo_controller/servo_controller.egg-info/dependency_links.txt
[13.883s] writing entry points to ../../build/servo_controller/servo_controller.egg-info/entry_points.txt
[13.884s] writing requirements to ../../build/servo_controller/servo_controller.egg-info/requires.txt
[13.888s] writing top-level names to ../../build/servo_controller/servo_controller.egg-info/top_level.txt
[13.910s] reading manifest file '../../build/servo_controller/servo_controller.egg-info/SOURCES.txt'
[13.918s] writing manifest file '../../build/servo_controller/servo_controller.egg-info/SOURCES.txt'
[13.919s] running build
[13.920s] running build_py
[13.923s] running install
[13.925s] running install_lib
[13.936s] running install_data
[13.941s] running install_egg_info
[13.955s] removing '/home/rpi/ros2_ws/install/servo_controller/lib/python3.10/site-packages/servo_controller-0.0.0-py3.10.egg-info' (and everything under it)
[13.958s] Copying ../../build/servo_controller/servo_controller.egg-info to /home/rpi/ros2_ws/install/servo_controller/lib/python3.10/site-packages/servo_controller-0.0.0-py3.10.egg-info
[13.973s] running install_scripts
[14.149s] Installing actuate_servo script to /home/rpi/ros2_ws/install/servo_controller/lib/servo_controller
[14.152s] Installing keyboard_input script to /home/rpi/ros2_ws/install/servo_controller/lib/servo_controller
[14.156s] writing list of installed files to '/home/rpi/ros2_ws/build/servo_controller/install.log'
[15.178s] Invoked command in '/home/rpi/ros2_ws/src/servo_controller' returned '0': PYTHONPATH=/home/rpi/ros2_ws/build/servo_controller/prefix_override:/home/rpi/ros2_ws/install/servo_controller/lib/python3.10/site-packages:${PYTHONPATH} /usr/bin/python3 setup.py egg_info --egg-base ../../build/servo_controller build --build-base /home/rpi/ros2_ws/build/servo_controller/build install --record /home/rpi/ros2_ws/build/servo_controller/install.log --single-version-externally-managed
