[22.114s] Invoking command in '/home/rpi/ros2_ws/src/servo_controller': PYTHONPATH=/home/rpi/ros2_ws/build/servo_controller/prefix_override:/home/rpi/ros2_ws/install/servo_controller/lib/python3.10/site-packages:${PYTHONPATH} /usr/bin/python3 setup.py egg_info --egg-base ../../build/servo_controller build --build-base /home/rpi/ros2_ws/build/servo_controller/build install --record /home/rpi/ros2_ws/build/servo_controller/install.log --single-version-externally-managed
[27.828s] running egg_info
[27.837s] writing ../../build/servo_controller/servo_controller.egg-info/PKG-INFO
[27.838s] writing dependency_links to ../../build/servo_controller/servo_controller.egg-info/dependency_links.txt
[27.840s] writing entry points to ../../build/servo_controller/servo_controller.egg-info/entry_points.txt
[27.841s] writing requirements to ../../build/servo_controller/servo_controller.egg-info/requires.txt
[27.842s] writing top-level names to ../../build/servo_controller/servo_controller.egg-info/top_level.txt
[27.876s] reading manifest file '../../build/servo_controller/servo_controller.egg-info/SOURCES.txt'
[27.894s] writing manifest file '../../build/servo_controller/servo_controller.egg-info/SOURCES.txt'
[27.894s] running build
[27.895s] running build_py
[27.895s] running install
[27.895s] running install_lib
[27.900s] running install_data
[27.901s] running install_egg_info
[27.922s] removing '/home/rpi/ros2_ws/install/servo_controller/lib/python3.10/site-packages/servo_controller-0.0.0-py3.10.egg-info' (and everything under it)
[27.923s] Copying ../../build/servo_controller/servo_controller.egg-info to /home/rpi/ros2_ws/install/servo_controller/lib/python3.10/site-packages/servo_controller-0.0.0-py3.10.egg-info
[27.926s] running install_scripts
[28.296s] Installing actuate_servo script to /home/rpi/ros2_ws/install/servo_controller/lib/servo_controller
[28.301s] Installing keyboard_input script to /home/rpi/ros2_ws/install/servo_controller/lib/servo_controller
[28.302s] writing list of installed files to '/home/rpi/ros2_ws/build/servo_controller/install.log'
[30.278s] Invoked command in '/home/rpi/ros2_ws/src/servo_controller' returned '0': PYTHONPATH=/home/rpi/ros2_ws/build/servo_controller/prefix_override:/home/rpi/ros2_ws/install/servo_controller/lib/python3.10/site-packages:${PYTHONPATH} /usr/bin/python3 setup.py egg_info --egg-base ../../build/servo_controller build --build-base /home/rpi/ros2_ws/build/servo_controller/build install --record /home/rpi/ros2_ws/build/servo_controller/install.log --single-version-externally-managed
