[10.394s] Invoking command in '/home/rpi/ros2_ws/src/servo_controller': PYTHONPATH=/home/rpi/ros2_ws/build/servo_controller/prefix_override:/home/rpi/ros2_ws/install/servo_controller/lib/python3.10/site-packages:${PYTHONPATH} /usr/bin/python3 setup.py egg_info --egg-base ../../build/servo_controller build --build-base /home/rpi/ros2_ws/build/servo_controller/build install --record /home/rpi/ros2_ws/build/servo_controller/install.log --single-version-externally-managed
[12.298s] running egg_info
[12.301s] writing ../../build/servo_controller/servo_controller.egg-info/PKG-INFO
[12.302s] writing dependency_links to ../../build/servo_controller/servo_controller.egg-info/dependency_links.txt
[12.306s] writing entry points to ../../build/servo_controller/servo_controller.egg-info/entry_points.txt
[12.310s] writing requirements to ../../build/servo_controller/servo_controller.egg-info/requires.txt
[12.310s] writing top-level names to ../../build/servo_controller/servo_controller.egg-info/top_level.txt
[12.318s] reading manifest file '../../build/servo_controller/servo_controller.egg-info/SOURCES.txt'
[12.324s] writing manifest file '../../build/servo_controller/servo_controller.egg-info/SOURCES.txt'
[12.325s] running build
[12.326s] running build_py
[12.328s] running install
[12.331s] running install_lib
[12.339s] running install_data
[12.343s] running install_egg_info
[12.353s] removing '/home/rpi/ros2_ws/install/servo_controller/lib/python3.10/site-packages/servo_controller-0.0.0-py3.10.egg-info' (and everything under it)
[12.356s] Copying ../../build/servo_controller/servo_controller.egg-info to /home/rpi/ros2_ws/install/servo_controller/lib/python3.10/site-packages/servo_controller-0.0.0-py3.10.egg-info
[12.366s] running install_scripts
[12.523s] Installing actuate_servo script to /home/rpi/ros2_ws/install/servo_controller/lib/servo_controller
[12.526s] Installing keyboard_input script to /home/rpi/ros2_ws/install/servo_controller/lib/servo_controller
[12.529s] writing list of installed files to '/home/rpi/ros2_ws/build/servo_controller/install.log'
[13.911s] Invoked command in '/home/rpi/ros2_ws/src/servo_controller' returned '0': PYTHONPATH=/home/rpi/ros2_ws/build/servo_controller/prefix_override:/home/rpi/ros2_ws/install/servo_controller/lib/python3.10/site-packages:${PYTHONPATH} /usr/bin/python3 setup.py egg_info --egg-base ../../build/servo_controller build --build-base /home/rpi/ros2_ws/build/servo_controller/build install --record /home/rpi/ros2_ws/build/servo_controller/install.log --single-version-externally-managed
