[7.349s] Invoking command in '/home/rpi/ros2_ws/src/actuators': AMENT_PREFIX_PATH=/home/rpi/ros2_ws/install/hri_comms:/home/rpi/ros2_ws/install/servo_controller:/home/rpi/ros2_ws/install/robot_arm_controller:/home/rpi/ros2_ws/install/my_robot_controller:/home/rpi/ros2_ws/install/actuators:/home/rpi/ros2_ws/install/data_collection:/opt/ros/humble PYTHONPATH=/home/rpi/ros2_ws/build/actuators/prefix_override:/home/rpi/ros2_ws/install/actuators/lib/python3.10/site-packages:/home/rpi/ros2_ws/install/hri_comms/lib/python3.10/site-packages:/home/rpi/ros2_ws/install/servo_controller/lib/python3.10/site-packages:/home/rpi/ros2_ws/install/robot_arm_controller/lib/python3.10/site-packages:/home/rpi/ros2_ws/install/my_robot_controller/lib/python3.10/site-packages:/home/rpi/ros2_ws/install/actuators/lib/python3.10/site-packages:/home/rpi/ros2_ws/install/data_collection/lib/python3.10/site-packages:/opt/ros/humble/lib/python3.10/site-packages:/opt/ros/humble/local/lib/python3.10/dist-packages /usr/bin/python3 setup.py egg_info --egg-base ../../build/actuators build --build-base /home/rpi/ros2_ws/build/actuators/build install --record /home/rpi/ros2_ws/build/actuators/install.log --single-version-externally-managed
[8.844s] running egg_info
[8.846s] writing ../../build/actuators/actuators.egg-info/PKG-INFO
[8.847s] writing dependency_links to ../../build/actuators/actuators.egg-info/dependency_links.txt
[8.848s] writing entry points to ../../build/actuators/actuators.egg-info/entry_points.txt
[8.849s] writing requirements to ../../build/actuators/actuators.egg-info/requires.txt
[8.850s] writing top-level names to ../../build/actuators/actuators.egg-info/top_level.txt
[8.863s] reading manifest file '../../build/actuators/actuators.egg-info/SOURCES.txt'
[8.866s] writing manifest file '../../build/actuators/actuators.egg-info/SOURCES.txt'
[8.868s] running build
[8.869s] running build_py
[8.870s] running install
[8.871s] running install_lib
[8.877s] running install_data
[8.880s] running install_egg_info
[8.889s] removing '/home/rpi/ros2_ws/install/actuators/lib/python3.10/site-packages/actuators-0.0.0-py3.10.egg-info' (and everything under it)
[8.891s] Copying ../../build/actuators/actuators.egg-info to /home/rpi/ros2_ws/install/actuators/lib/python3.10/site-packages/actuators-0.0.0-py3.10.egg-info
[8.905s] running install_scripts
[9.005s] Installing head_tracking script to /home/rpi/ros2_ws/install/actuators/lib/actuators
[9.007s] writing list of installed files to '/home/rpi/ros2_ws/build/actuators/install.log'
[9.176s] Invoked command in '/home/rpi/ros2_ws/src/actuators' returned '0': AMENT_PREFIX_PATH=/home/rpi/ros2_ws/install/hri_comms:/home/rpi/ros2_ws/install/servo_controller:/home/rpi/ros2_ws/install/robot_arm_controller:/home/rpi/ros2_ws/install/my_robot_controller:/home/rpi/ros2_ws/install/actuators:/home/rpi/ros2_ws/install/data_collection:/opt/ros/humble PYTHONPATH=/home/rpi/ros2_ws/build/actuators/prefix_override:/home/rpi/ros2_ws/install/actuators/lib/python3.10/site-packages:/home/rpi/ros2_ws/install/hri_comms/lib/python3.10/site-packages:/home/rpi/ros2_ws/install/servo_controller/lib/python3.10/site-packages:/home/rpi/ros2_ws/install/robot_arm_controller/lib/python3.10/site-packages:/home/rpi/ros2_ws/install/my_robot_controller/lib/python3.10/site-packages:/home/rpi/ros2_ws/install/actuators/lib/python3.10/site-packages:/home/rpi/ros2_ws/install/data_collection/lib/python3.10/site-packages:/opt/ros/humble/lib/python3.10/site-packages:/opt/ros/humble/local/lib/python3.10/dist-packages /usr/bin/python3 setup.py egg_info --egg-base ../../build/actuators build --build-base /home/rpi/ros2_ws/build/actuators/build install --record /home/rpi/ros2_ws/build/actuators/install.log --single-version-externally-managed
