[11.262s] Invoking command in '/home/rpi/ros2_ws/src/data_collection': PYTHONPATH=/home/rpi/ros2_ws/build/data_collection/prefix_override:/home/rpi/ros2_ws/install/data_collection/lib/python3.10/site-packages:${PYTHONPATH} /usr/bin/python3 setup.py egg_info --egg-base ../../build/data_collection build --build-base /home/rpi/ros2_ws/build/data_collection/build install --record /home/rpi/ros2_ws/build/data_collection/install.log --single-version-externally-managed
[13.122s] running egg_info
[13.126s] writing ../../build/data_collection/data_collection.egg-info/PKG-INFO
[13.131s] writing dependency_links to ../../build/data_collection/data_collection.egg-info/dependency_links.txt
[13.133s] writing entry points to ../../build/data_collection/data_collection.egg-info/entry_points.txt
[13.135s] writing requirements to ../../build/data_collection/data_collection.egg-info/requires.txt
[13.138s] writing top-level names to ../../build/data_collection/data_collection.egg-info/top_level.txt
[13.153s] reading manifest file '../../build/data_collection/data_collection.egg-info/SOURCES.txt'
[13.160s] writing manifest file '../../build/data_collection/data_collection.egg-info/SOURCES.txt'
[13.161s] running build
[13.164s] running build_py
[13.165s] running install
[13.169s] running install_lib
[13.175s] running install_data
[13.187s] running install_egg_info
[13.189s] removing '/home/rpi/ros2_ws/install/data_collection/lib/python3.10/site-packages/data_collection-0.0.0-py3.10.egg-info' (and everything under it)
[13.190s] Copying ../../build/data_collection/data_collection.egg-info to /home/rpi/ros2_ws/install/data_collection/lib/python3.10/site-packages/data_collection-0.0.0-py3.10.egg-info
[13.192s] running install_scripts
[13.340s] Installing csv_writer script to /home/rpi/ros2_ws/install/data_collection/lib/data_collection
[13.342s] writing list of installed files to '/home/rpi/ros2_ws/build/data_collection/install.log'
[14.297s] Invoked command in '/home/rpi/ros2_ws/src/data_collection' returned '0': PYTHONPATH=/home/rpi/ros2_ws/build/data_collection/prefix_override:/home/rpi/ros2_ws/install/data_collection/lib/python3.10/site-packages:${PYTHONPATH} /usr/bin/python3 setup.py egg_info --egg-base ../../build/data_collection build --build-base /home/rpi/ros2_ws/build/data_collection/build install --record /home/rpi/ros2_ws/build/data_collection/install.log --single-version-externally-managed
