[10.059s] Invoking command in '/home/rpi/ros2_ws/src/actuators': AMENT_PREFIX_PATH=/home/rpi/ros2_ws/install/hri_comms:/home/rpi/ros2_ws/install/servo_controller:/home/rpi/ros2_ws/install/robot_arm_controller:/home/rpi/ros2_ws/install/my_robot_controller:/home/rpi/ros2_ws/install/actuators:/home/rpi/ros2_ws/install/data_collection:/opt/ros/humble PYTHONPATH=/home/rpi/ros2_ws/build/actuators/prefix_override:/home/rpi/ros2_ws/install/actuators/lib/python3.10/site-packages:/home/rpi/ros2_ws/install/hri_comms/lib/python3.10/site-packages:/home/rpi/ros2_ws/install/servo_controller/lib/python3.10/site-packages:/home/rpi/ros2_ws/install/robot_arm_controller/lib/python3.10/site-packages:/home/rpi/ros2_ws/install/my_robot_controller/lib/python3.10/site-packages:/home/rpi/ros2_ws/install/actuators/lib/python3.10/site-packages:/home/rpi/ros2_ws/install/data_collection/lib/python3.10/site-packages:/opt/ros/humble/lib/python3.10/site-packages:/opt/ros/humble/local/lib/python3.10/dist-packages /usr/bin/python3 setup.py egg_info --egg-base ../../build/actuators build --build-base /home/rpi/ros2_ws/build/actuators/build install --record /home/rpi/ros2_ws/build/actuators/install.log --single-version-externally-managed
[12.269s] running egg_info
[12.275s] writing ../../build/actuators/actuators.egg-info/PKG-INFO
[12.282s] writing dependency_links to ../../build/actuators/actuators.egg-info/dependency_links.txt
[12.283s] writing entry points to ../../build/actuators/actuators.egg-info/entry_points.txt
[12.284s] writing requirements to ../../build/actuators/actuators.egg-info/requires.txt
[12.285s] writing top-level names to ../../build/actuators/actuators.egg-info/top_level.txt
[12.296s] reading manifest file '../../build/actuators/actuators.egg-info/SOURCES.txt'
[12.301s] writing manifest file '../../build/actuators/actuators.egg-info/SOURCES.txt'
[12.302s] running build
[12.303s] running build_py
[12.317s] running install
[12.318s] running install_lib
[12.329s] running install_data
[12.333s] running install_egg_info
[12.344s] removing '/home/rpi/ros2_ws/install/actuators/lib/python3.10/site-packages/actuators-0.0.0-py3.10.egg-info' (and everything under it)
[12.347s] Copying ../../build/actuators/actuators.egg-info to /home/rpi/ros2_ws/install/actuators/lib/python3.10/site-packages/actuators-0.0.0-py3.10.egg-info
[12.357s] running install_scripts
[12.497s] Installing head_tracking script to /home/rpi/ros2_ws/install/actuators/lib/actuators
[12.507s] writing list of installed files to '/home/rpi/ros2_ws/build/actuators/install.log'
[12.795s] Invoked command in '/home/rpi/ros2_ws/src/actuators' returned '0': AMENT_PREFIX_PATH=/home/rpi/ros2_ws/install/hri_comms:/home/rpi/ros2_ws/install/servo_controller:/home/rpi/ros2_ws/install/robot_arm_controller:/home/rpi/ros2_ws/install/my_robot_controller:/home/rpi/ros2_ws/install/actuators:/home/rpi/ros2_ws/install/data_collection:/opt/ros/humble PYTHONPATH=/home/rpi/ros2_ws/build/actuators/prefix_override:/home/rpi/ros2_ws/install/actuators/lib/python3.10/site-packages:/home/rpi/ros2_ws/install/hri_comms/lib/python3.10/site-packages:/home/rpi/ros2_ws/install/servo_controller/lib/python3.10/site-packages:/home/rpi/ros2_ws/install/robot_arm_controller/lib/python3.10/site-packages:/home/rpi/ros2_ws/install/my_robot_controller/lib/python3.10/site-packages:/home/rpi/ros2_ws/install/actuators/lib/python3.10/site-packages:/home/rpi/ros2_ws/install/data_collection/lib/python3.10/site-packages:/opt/ros/humble/lib/python3.10/site-packages:/opt/ros/humble/local/lib/python3.10/dist-packages /usr/bin/python3 setup.py egg_info --egg-base ../../build/actuators build --build-base /home/rpi/ros2_ws/build/actuators/build install --record /home/rpi/ros2_ws/build/actuators/install.log --single-version-externally-managed
