[8.740s] Invoking command in '/home/rpi/ros2_ws/src/actuators': AMENT_PREFIX_PATH=/home/rpi/ros2_ws/install/hri_comms:/home/rpi/ros2_ws/install/servo_controller:/home/rpi/ros2_ws/install/robot_arm_controller:/home/rpi/ros2_ws/install/my_robot_controller:/home/rpi/ros2_ws/install/actuators:/home/rpi/ros2_ws/install/data_collection:/opt/ros/humble PYTHONPATH=/home/rpi/ros2_ws/build/actuators/prefix_override:/home/rpi/ros2_ws/install/actuators/lib/python3.10/site-packages:/home/rpi/ros2_ws/install/hri_comms/lib/python3.10/site-packages:/home/rpi/ros2_ws/install/servo_controller/lib/python3.10/site-packages:/home/rpi/ros2_ws/install/robot_arm_controller/lib/python3.10/site-packages:/home/rpi/ros2_ws/install/my_robot_controller/lib/python3.10/site-packages:/home/rpi/ros2_ws/install/actuators/lib/python3.10/site-packages:/home/rpi/ros2_ws/install/data_collection/lib/python3.10/site-packages:/opt/ros/humble/lib/python3.10/site-packages:/opt/ros/humble/local/lib/python3.10/dist-packages /usr/bin/python3 setup.py egg_info --egg-base ../../build/actuators build --build-base /home/rpi/ros2_ws/build/actuators/build install --record /home/rpi/ros2_ws/build/actuators/install.log --single-version-externally-managed
[10.520s] running egg_info
[10.524s] writing ../../build/actuators/actuators.egg-info/PKG-INFO
[10.527s] writing dependency_links to ../../build/actuators/actuators.egg-info/dependency_links.txt
[10.528s] writing entry points to ../../build/actuators/actuators.egg-info/entry_points.txt
[10.531s] writing requirements to ../../build/actuators/actuators.egg-info/requires.txt
[10.532s] writing top-level names to ../../build/actuators/actuators.egg-info/top_level.txt
[10.539s] reading manifest file '../../build/actuators/actuators.egg-info/SOURCES.txt'
[10.544s] writing manifest file '../../build/actuators/actuators.egg-info/SOURCES.txt'
[10.545s] running build
[10.546s] running build_py
[10.547s] running install
[10.551s] running install_lib
[10.556s] running install_data
[10.561s] running install_egg_info
[10.570s] removing '/home/rpi/ros2_ws/install/actuators/lib/python3.10/site-packages/actuators-0.0.0-py3.10.egg-info' (and everything under it)
[10.572s] Copying ../../build/actuators/actuators.egg-info to /home/rpi/ros2_ws/install/actuators/lib/python3.10/site-packages/actuators-0.0.0-py3.10.egg-info
[10.580s] running install_scripts
[10.694s] Installing head_tracking script to /home/rpi/ros2_ws/install/actuators/lib/actuators
[10.696s] writing list of installed files to '/home/rpi/ros2_ws/build/actuators/install.log'
[10.934s] Invoked command in '/home/rpi/ros2_ws/src/actuators' returned '0': AMENT_PREFIX_PATH=/home/rpi/ros2_ws/install/hri_comms:/home/rpi/ros2_ws/install/servo_controller:/home/rpi/ros2_ws/install/robot_arm_controller:/home/rpi/ros2_ws/install/my_robot_controller:/home/rpi/ros2_ws/install/actuators:/home/rpi/ros2_ws/install/data_collection:/opt/ros/humble PYTHONPATH=/home/rpi/ros2_ws/build/actuators/prefix_override:/home/rpi/ros2_ws/install/actuators/lib/python3.10/site-packages:/home/rpi/ros2_ws/install/hri_comms/lib/python3.10/site-packages:/home/rpi/ros2_ws/install/servo_controller/lib/python3.10/site-packages:/home/rpi/ros2_ws/install/robot_arm_controller/lib/python3.10/site-packages:/home/rpi/ros2_ws/install/my_robot_controller/lib/python3.10/site-packages:/home/rpi/ros2_ws/install/actuators/lib/python3.10/site-packages:/home/rpi/ros2_ws/install/data_collection/lib/python3.10/site-packages:/opt/ros/humble/lib/python3.10/site-packages:/opt/ros/humble/local/lib/python3.10/dist-packages /usr/bin/python3 setup.py egg_info --egg-base ../../build/actuators build --build-base /home/rpi/ros2_ws/build/actuators/build install --record /home/rpi/ros2_ws/build/actuators/install.log --single-version-externally-managed
