[8.168s] Invoking command in '/home/rpi/ros2_ws/src/servo_controller': PYTHONPATH=/home/rpi/ros2_ws/build/servo_controller/prefix_override:/home/rpi/ros2_ws/install/servo_controller/lib/python3.10/site-packages:${PYTHONPATH} /usr/bin/python3 setup.py egg_info --egg-base ../../build/servo_controller build --build-base /home/rpi/ros2_ws/build/servo_controller/build install --record /home/rpi/ros2_ws/build/servo_controller/install.log --single-version-externally-managed
[9.788s] running egg_info
[9.792s] writing ../../build/servo_controller/servo_controller.egg-info/PKG-INFO
[9.794s] writing dependency_links to ../../build/servo_controller/servo_controller.egg-info/dependency_links.txt
[9.795s] writing entry points to ../../build/servo_controller/servo_controller.egg-info/entry_points.txt
[9.796s] writing requirements to ../../build/servo_controller/servo_controller.egg-info/requires.txt
[9.797s] writing top-level names to ../../build/servo_controller/servo_controller.egg-info/top_level.txt
[9.807s] reading manifest file '../../build/servo_controller/servo_controller.egg-info/SOURCES.txt'
[9.815s] writing manifest file '../../build/servo_controller/servo_controller.egg-info/SOURCES.txt'
[9.817s] running build
[9.818s] running build_py
[9.821s] running install
[9.822s] running install_lib
[9.832s] running install_data
[9.834s] running install_egg_info
[9.845s] removing '/home/rpi/ros2_ws/install/servo_controller/lib/python3.10/site-packages/servo_controller-0.0.0-py3.10.egg-info' (and everything under it)
[9.847s] Copying ../../build/servo_controller/servo_controller.egg-info to /home/rpi/ros2_ws/install/servo_controller/lib/python3.10/site-packages/servo_controller-0.0.0-py3.10.egg-info
[9.855s] running install_scripts
[9.961s] Installing actuate_servo script to /home/rpi/ros2_ws/install/servo_controller/lib/servo_controller
[9.963s] Installing keyboard_input script to /home/rpi/ros2_ws/install/servo_controller/lib/servo_controller
[9.965s] writing list of installed files to '/home/rpi/ros2_ws/build/servo_controller/install.log'
[10.178s] Invoked command in '/home/rpi/ros2_ws/src/servo_controller' returned '0': PYTHONPATH=/home/rpi/ros2_ws/build/servo_controller/prefix_override:/home/rpi/ros2_ws/install/servo_controller/lib/python3.10/site-packages:${PYTHONPATH} /usr/bin/python3 setup.py egg_info --egg-base ../../build/servo_controller build --build-base /home/rpi/ros2_ws/build/servo_controller/build install --record /home/rpi/ros2_ws/build/servo_controller/install.log --single-version-externally-managed
