[12.191s] Invoking command in '/home/rpi/ros2_ws/src/hri_comms': PYTHONPATH=/home/rpi/ros2_ws/build/hri_comms/prefix_override:/home/rpi/ros2_ws/install/hri_comms/lib/python3.10/site-packages:${PYTHONPATH} /usr/bin/python3 setup.py egg_info --egg-base ../../build/hri_comms build --build-base /home/rpi/ros2_ws/build/hri_comms/build install --record /home/rpi/ros2_ws/build/hri_comms/install.log --single-version-externally-managed
[14.043s] running egg_info
[14.047s] writing ../../build/hri_comms/hri_comms.egg-info/PKG-INFO
[14.050s] writing dependency_links to ../../build/hri_comms/hri_comms.egg-info/dependency_links.txt
[14.053s] writing entry points to ../../build/hri_comms/hri_comms.egg-info/entry_points.txt
[14.056s] writing requirements to ../../build/hri_comms/hri_comms.egg-info/requires.txt
[14.057s] writing top-level names to ../../build/hri_comms/hri_comms.egg-info/top_level.txt
[14.072s] reading manifest file '../../build/hri_comms/hri_comms.egg-info/SOURCES.txt'
[14.080s] writing manifest file '../../build/hri_comms/hri_comms.egg-info/SOURCES.txt'
[14.087s] running build
[14.087s] running build_py
[14.089s] running install
[14.090s] running install_lib
[14.109s] running install_data
[14.110s] running install_egg_info
[14.113s] removing '/home/rpi/ros2_ws/install/hri_comms/lib/python3.10/site-packages/hri_comms-0.0.0-py3.10.egg-info' (and everything under it)
[14.114s] Copying ../../build/hri_comms/hri_comms.egg-info to /home/rpi/ros2_ws/install/hri_comms/lib/python3.10/site-packages/hri_comms-0.0.0-py3.10.egg-info
[14.122s] running install_scripts
[14.259s] Installing data_handler script to /home/rpi/ros2_ws/install/hri_comms/lib/hri_comms
[14.289s] Installing udp_server script to /home/rpi/ros2_ws/install/hri_comms/lib/hri_comms
[14.292s] writing list of installed files to '/home/rpi/ros2_ws/build/hri_comms/install.log'
[15.304s] Invoked command in '/home/rpi/ros2_ws/src/hri_comms' returned '0': PYTHONPATH=/home/rpi/ros2_ws/build/hri_comms/prefix_override:/home/rpi/ros2_ws/install/hri_comms/lib/python3.10/site-packages:${PYTHONPATH} /usr/bin/python3 setup.py egg_info --egg-base ../../build/hri_comms build --build-base /home/rpi/ros2_ws/build/hri_comms/build install --record /home/rpi/ros2_ws/build/hri_comms/install.log --single-version-externally-managed
