[11.272s] Invoking command in '/home/rpi/ros2_ws/src/servo_controller': PYTHONPATH=/home/rpi/ros2_ws/build/servo_controller/prefix_override:/home/rpi/ros2_ws/install/servo_controller/lib/python3.10/site-packages:${PYTHONPATH} /usr/bin/python3 setup.py egg_info --egg-base ../../build/servo_controller build --build-base /home/rpi/ros2_ws/build/servo_controller/build install --record /home/rpi/ros2_ws/build/servo_controller/install.log --single-version-externally-managed
[13.536s] running egg_info
[13.541s] writing ../../build/servo_controller/servo_controller.egg-info/PKG-INFO
[13.543s] writing dependency_links to ../../build/servo_controller/servo_controller.egg-info/dependency_links.txt
[13.545s] writing entry points to ../../build/servo_controller/servo_controller.egg-info/entry_points.txt
[13.546s] writing requirements to ../../build/servo_controller/servo_controller.egg-info/requires.txt
[13.548s] writing top-level names to ../../build/servo_controller/servo_controller.egg-info/top_level.txt
[13.559s] reading manifest file '../../build/servo_controller/servo_controller.egg-info/SOURCES.txt'
[13.565s] writing manifest file '../../build/servo_controller/servo_controller.egg-info/SOURCES.txt'
[13.566s] running build
[13.567s] running build_py
[13.569s] running install
[13.571s] running install_lib
[13.583s] running install_data
[13.586s] running install_egg_info
[13.600s] removing '/home/rpi/ros2_ws/install/servo_controller/lib/python3.10/site-packages/servo_controller-0.0.0-py3.10.egg-info' (and everything under it)
[13.603s] Copying ../../build/servo_controller/servo_controller.egg-info to /home/rpi/ros2_ws/install/servo_controller/lib/python3.10/site-packages/servo_controller-0.0.0-py3.10.egg-info
[13.612s] running install_scripts
[13.732s] Installing actuate_servo script to /home/rpi/ros2_ws/install/servo_controller/lib/servo_controller
[13.734s] Installing keyboard_input script to /home/rpi/ros2_ws/install/servo_controller/lib/servo_controller
[13.736s] writing list of installed files to '/home/rpi/ros2_ws/build/servo_controller/install.log'
[13.959s] Invoked command in '/home/rpi/ros2_ws/src/servo_controller' returned '0': PYTHONPATH=/home/rpi/ros2_ws/build/servo_controller/prefix_override:/home/rpi/ros2_ws/install/servo_controller/lib/python3.10/site-packages:${PYTHONPATH} /usr/bin/python3 setup.py egg_info --egg-base ../../build/servo_controller build --build-base /home/rpi/ros2_ws/build/servo_controller/build install --record /home/rpi/ros2_ws/build/servo_controller/install.log --single-version-externally-managed
