[10.740s] Invoking command in '/home/rpi/ros2_ws/src/servo_controller': PYTHONPATH=/home/rpi/ros2_ws/build/servo_controller/prefix_override:/home/rpi/ros2_ws/install/servo_controller/lib/python3.10/site-packages:${PYTHONPATH} /usr/bin/python3 setup.py egg_info --egg-base ../../build/servo_controller build --build-base /home/rpi/ros2_ws/build/servo_controller/build install --record /home/rpi/ros2_ws/build/servo_controller/install.log --single-version-externally-managed
[12.585s] running egg_info
[12.595s] writing ../../build/servo_controller/servo_controller.egg-info/PKG-INFO
[12.599s] writing dependency_links to ../../build/servo_controller/servo_controller.egg-info/dependency_links.txt
[12.603s] writing entry points to ../../build/servo_controller/servo_controller.egg-info/entry_points.txt
[12.605s] writing requirements to ../../build/servo_controller/servo_controller.egg-info/requires.txt
[12.607s] writing top-level names to ../../build/servo_controller/servo_controller.egg-info/top_level.txt
[12.630s] reading manifest file '../../build/servo_controller/servo_controller.egg-info/SOURCES.txt'
[12.641s] writing manifest file '../../build/servo_controller/servo_controller.egg-info/SOURCES.txt'
[12.643s] running build
[12.645s] running build_py
[12.653s] running install
[12.654s] running install_lib
[12.666s] running install_data
[12.670s] running install_egg_info
[12.686s] removing '/home/rpi/ros2_ws/install/servo_controller/lib/python3.10/site-packages/servo_controller-0.0.0-py3.10.egg-info' (and everything under it)
[12.689s] Copying ../../build/servo_controller/servo_controller.egg-info to /home/rpi/ros2_ws/install/servo_controller/lib/python3.10/site-packages/servo_controller-0.0.0-py3.10.egg-info
[12.704s] running install_scripts
[12.839s] Installing actuate_servo script to /home/rpi/ros2_ws/install/servo_controller/lib/servo_controller
[12.841s] Installing keyboard_input script to /home/rpi/ros2_ws/install/servo_controller/lib/servo_controller
[12.845s] writing list of installed files to '/home/rpi/ros2_ws/build/servo_controller/install.log'
[13.563s] Invoked command in '/home/rpi/ros2_ws/src/servo_controller' returned '0': PYTHONPATH=/home/rpi/ros2_ws/build/servo_controller/prefix_override:/home/rpi/ros2_ws/install/servo_controller/lib/python3.10/site-packages:${PYTHONPATH} /usr/bin/python3 setup.py egg_info --egg-base ../../build/servo_controller build --build-base /home/rpi/ros2_ws/build/servo_controller/build install --record /home/rpi/ros2_ws/build/servo_controller/install.log --single-version-externally-managed
