[10.323s] Invoking command in '/home/rpi/ros2_ws/src/servo_controller': PYTHONPATH=/home/rpi/ros2_ws/build/servo_controller/prefix_override:/home/rpi/ros2_ws/install/servo_controller/lib/python3.10/site-packages:${PYTHONPATH} /usr/bin/python3 setup.py egg_info --egg-base ../../build/servo_controller build --build-base /home/rpi/ros2_ws/build/servo_controller/build install --record /home/rpi/ros2_ws/build/servo_controller/install.log --single-version-externally-managed
[12.181s] running egg_info
[12.186s] writing ../../build/servo_controller/servo_controller.egg-info/PKG-INFO
[12.188s] writing dependency_links to ../../build/servo_controller/servo_controller.egg-info/dependency_links.txt
[12.191s] writing entry points to ../../build/servo_controller/servo_controller.egg-info/entry_points.txt
[12.193s] writing requirements to ../../build/servo_controller/servo_controller.egg-info/requires.txt
[12.194s] writing top-level names to ../../build/servo_controller/servo_controller.egg-info/top_level.txt
[12.208s] reading manifest file '../../build/servo_controller/servo_controller.egg-info/SOURCES.txt'
[12.215s] writing manifest file '../../build/servo_controller/servo_controller.egg-info/SOURCES.txt'
[12.216s] running build
[12.217s] running build_py
[12.219s] running install
[12.220s] running install_lib
[12.230s] running install_data
[12.234s] running install_egg_info
[12.245s] removing '/home/rpi/ros2_ws/install/servo_controller/lib/python3.10/site-packages/servo_controller-0.0.0-py3.10.egg-info' (and everything under it)
[12.247s] Copying ../../build/servo_controller/servo_controller.egg-info to /home/rpi/ros2_ws/install/servo_controller/lib/python3.10/site-packages/servo_controller-0.0.0-py3.10.egg-info
[12.258s] running install_scripts
[12.465s] Installing actuate_servo script to /home/rpi/ros2_ws/install/servo_controller/lib/servo_controller
[12.470s] Installing keyboard_input script to /home/rpi/ros2_ws/install/servo_controller/lib/servo_controller
[12.477s] writing list of installed files to '/home/rpi/ros2_ws/build/servo_controller/install.log'
[13.312s] Invoked command in '/home/rpi/ros2_ws/src/servo_controller' returned '0': PYTHONPATH=/home/rpi/ros2_ws/build/servo_controller/prefix_override:/home/rpi/ros2_ws/install/servo_controller/lib/python3.10/site-packages:${PYTHONPATH} /usr/bin/python3 setup.py egg_info --egg-base ../../build/servo_controller build --build-base /home/rpi/ros2_ws/build/servo_controller/build install --record /home/rpi/ros2_ws/build/servo_controller/install.log --single-version-externally-managed
