[10.404s] Invoking command in '/home/rpi/ros2_ws/src/servo_controller': PYTHONPATH=/home/rpi/ros2_ws/build/servo_controller/prefix_override:/home/rpi/ros2_ws/install/servo_controller/lib/python3.10/site-packages:${PYTHONPATH} /usr/bin/python3 setup.py egg_info --egg-base ../../build/servo_controller build --build-base /home/rpi/ros2_ws/build/servo_controller/build install --record /home/rpi/ros2_ws/build/servo_controller/install.log --single-version-externally-managed
[12.280s] running egg_info
[12.283s] writing ../../build/servo_controller/servo_controller.egg-info/PKG-INFO
[12.284s] writing dependency_links to ../../build/servo_controller/servo_controller.egg-info/dependency_links.txt
[12.287s] writing entry points to ../../build/servo_controller/servo_controller.egg-info/entry_points.txt
[12.288s] writing requirements to ../../build/servo_controller/servo_controller.egg-info/requires.txt
[12.289s] writing top-level names to ../../build/servo_controller/servo_controller.egg-info/top_level.txt
[12.300s] reading manifest file '../../build/servo_controller/servo_controller.egg-info/SOURCES.txt'
[12.306s] writing manifest file '../../build/servo_controller/servo_controller.egg-info/SOURCES.txt'
[12.307s] running build
[12.308s] running build_py
[12.315s] running install
[12.318s] running install_lib
[12.319s] running install_data
[12.323s] running install_egg_info
[12.333s] removing '/home/rpi/ros2_ws/install/servo_controller/lib/python3.10/site-packages/servo_controller-0.0.0-py3.10.egg-info' (and everything under it)
[12.336s] Copying ../../build/servo_controller/servo_controller.egg-info to /home/rpi/ros2_ws/install/servo_controller/lib/python3.10/site-packages/servo_controller-0.0.0-py3.10.egg-info
[12.346s] running install_scripts
[12.482s] Installing actuate_servo script to /home/rpi/ros2_ws/install/servo_controller/lib/servo_controller
[12.485s] Installing keyboard_input script to /home/rpi/ros2_ws/install/servo_controller/lib/servo_controller
[12.490s] writing list of installed files to '/home/rpi/ros2_ws/build/servo_controller/install.log'
[13.459s] Invoked command in '/home/rpi/ros2_ws/src/servo_controller' returned '0': PYTHONPATH=/home/rpi/ros2_ws/build/servo_controller/prefix_override:/home/rpi/ros2_ws/install/servo_controller/lib/python3.10/site-packages:${PYTHONPATH} /usr/bin/python3 setup.py egg_info --egg-base ../../build/servo_controller build --build-base /home/rpi/ros2_ws/build/servo_controller/build install --record /home/rpi/ros2_ws/build/servo_controller/install.log --single-version-externally-managed
