[10.307s] Invoking command in '/home/rpi/ros2_ws/src/servo_controller': PYTHONPATH=/home/rpi/ros2_ws/build/servo_controller/prefix_override:/home/rpi/ros2_ws/install/servo_controller/lib/python3.10/site-packages:${PYTHONPATH} /usr/bin/python3 setup.py egg_info --egg-base ../../build/servo_controller build --build-base /home/rpi/ros2_ws/build/servo_controller/build install --record /home/rpi/ros2_ws/build/servo_controller/install.log --single-version-externally-managed
[12.168s] running egg_info
[12.171s] writing ../../build/servo_controller/servo_controller.egg-info/PKG-INFO
[12.173s] writing dependency_links to ../../build/servo_controller/servo_controller.egg-info/dependency_links.txt
[12.176s] writing entry points to ../../build/servo_controller/servo_controller.egg-info/entry_points.txt
[12.178s] writing requirements to ../../build/servo_controller/servo_controller.egg-info/requires.txt
[12.179s] writing top-level names to ../../build/servo_controller/servo_controller.egg-info/top_level.txt
[12.190s] reading manifest file '../../build/servo_controller/servo_controller.egg-info/SOURCES.txt'
[12.196s] writing manifest file '../../build/servo_controller/servo_controller.egg-info/SOURCES.txt'
[12.196s] running build
[12.197s] running build_py
[12.199s] running install
[12.201s] running install_lib
[12.209s] running install_data
[12.213s] running install_egg_info
[12.225s] removing '/home/rpi/ros2_ws/install/servo_controller/lib/python3.10/site-packages/servo_controller-0.0.0-py3.10.egg-info' (and everything under it)
[12.227s] Copying ../../build/servo_controller/servo_controller.egg-info to /home/rpi/ros2_ws/install/servo_controller/lib/python3.10/site-packages/servo_controller-0.0.0-py3.10.egg-info
[12.239s] running install_scripts
[12.361s] Installing actuate_servo script to /home/rpi/ros2_ws/install/servo_controller/lib/servo_controller
[12.362s] Installing keyboard_input script to /home/rpi/ros2_ws/install/servo_controller/lib/servo_controller
[12.365s] writing list of installed files to '/home/rpi/ros2_ws/build/servo_controller/install.log'
[12.632s] Invoked command in '/home/rpi/ros2_ws/src/servo_controller' returned '0': PYTHONPATH=/home/rpi/ros2_ws/build/servo_controller/prefix_override:/home/rpi/ros2_ws/install/servo_controller/lib/python3.10/site-packages:${PYTHONPATH} /usr/bin/python3 setup.py egg_info --egg-base ../../build/servo_controller build --build-base /home/rpi/ros2_ws/build/servo_controller/build install --record /home/rpi/ros2_ws/build/servo_controller/install.log --single-version-externally-managed
