[19.495s] Invoking command in '/home/rpi/ros2_ws/src/hri_comms': PYTHONPATH=/home/rpi/ros2_ws/build/hri_comms/prefix_override:/home/rpi/ros2_ws/install/hri_comms/lib/python3.10/site-packages:${PYTHONPATH} /usr/bin/python3 setup.py egg_info --egg-base ../../build/hri_comms build --build-base /home/rpi/ros2_ws/build/hri_comms/build install --record /home/rpi/ros2_ws/build/hri_comms/install.log --single-version-externally-managed
[23.343s] running egg_info
[23.348s] writing ../../build/hri_comms/hri_comms.egg-info/PKG-INFO
[23.358s] writing dependency_links to ../../build/hri_comms/hri_comms.egg-info/dependency_links.txt
[23.366s] writing entry points to ../../build/hri_comms/hri_comms.egg-info/entry_points.txt
[23.370s] writing requirements to ../../build/hri_comms/hri_comms.egg-info/requires.txt
[23.371s] writing top-level names to ../../build/hri_comms/hri_comms.egg-info/top_level.txt
[23.403s] reading manifest file '../../build/hri_comms/hri_comms.egg-info/SOURCES.txt'
[23.424s] writing manifest file '../../build/hri_comms/hri_comms.egg-info/SOURCES.txt'
[23.428s] running build
[23.429s] running build_py
[23.434s] running install
[23.436s] running install_lib
[23.463s] running install_data
[23.470s] running install_egg_info
[23.494s] removing '/home/rpi/ros2_ws/install/hri_comms/lib/python3.10/site-packages/hri_comms-0.0.0-py3.10.egg-info' (and everything under it)
[23.495s] Copying ../../build/hri_comms/hri_comms.egg-info to /home/rpi/ros2_ws/install/hri_comms/lib/python3.10/site-packages/hri_comms-0.0.0-py3.10.egg-info
[23.515s] running install_scripts
[23.664s] Installing data_handler script to /home/rpi/ros2_ws/install/hri_comms/lib/hri_comms
[23.666s] Installing udp_server script to /home/rpi/ros2_ws/install/hri_comms/lib/hri_comms
[23.668s] writing list of installed files to '/home/rpi/ros2_ws/build/hri_comms/install.log'
[24.577s] Invoked command in '/home/rpi/ros2_ws/src/hri_comms' returned '0': PYTHONPATH=/home/rpi/ros2_ws/build/hri_comms/prefix_override:/home/rpi/ros2_ws/install/hri_comms/lib/python3.10/site-packages:${PYTHONPATH} /usr/bin/python3 setup.py egg_info --egg-base ../../build/hri_comms build --build-base /home/rpi/ros2_ws/build/hri_comms/build install --record /home/rpi/ros2_ws/build/hri_comms/install.log --single-version-externally-managed
