[12.906s] Invoking command in '/home/rpi/ros2_ws/src/hri_comms': PYTHONPATH=/home/rpi/ros2_ws/build/hri_comms/prefix_override:/home/rpi/ros2_ws/install/hri_comms/lib/python3.10/site-packages:${PYTHONPATH} /usr/bin/python3 setup.py egg_info --egg-base ../../build/hri_comms build --build-base /home/rpi/ros2_ws/build/hri_comms/build install --record /home/rpi/ros2_ws/build/hri_comms/install.log --single-version-externally-managed
[15.183s] running egg_info
[15.188s] writing ../../build/hri_comms/hri_comms.egg-info/PKG-INFO
[15.190s] writing dependency_links to ../../build/hri_comms/hri_comms.egg-info/dependency_links.txt
[15.191s] writing entry points to ../../build/hri_comms/hri_comms.egg-info/entry_points.txt
[15.192s] writing requirements to ../../build/hri_comms/hri_comms.egg-info/requires.txt
[15.193s] writing top-level names to ../../build/hri_comms/hri_comms.egg-info/top_level.txt
[15.216s] reading manifest file '../../build/hri_comms/hri_comms.egg-info/SOURCES.txt'
[15.225s] writing manifest file '../../build/hri_comms/hri_comms.egg-info/SOURCES.txt'
[15.226s] running build
[15.227s] running build_py
[15.229s] running install
[15.232s] running install_lib
[15.241s] running install_data
[15.244s] running install_egg_info
[15.255s] removing '/home/rpi/ros2_ws/install/hri_comms/lib/python3.10/site-packages/hri_comms-0.0.0-py3.10.egg-info' (and everything under it)
[15.257s] Copying ../../build/hri_comms/hri_comms.egg-info to /home/rpi/ros2_ws/install/hri_comms/lib/python3.10/site-packages/hri_comms-0.0.0-py3.10.egg-info
[15.266s] running install_scripts
[15.388s] Installing data_handler script to /home/rpi/ros2_ws/install/hri_comms/lib/hri_comms
[15.390s] Installing udp_server script to /home/rpi/ros2_ws/install/hri_comms/lib/hri_comms
[15.393s] writing list of installed files to '/home/rpi/ros2_ws/build/hri_comms/install.log'
[15.609s] Invoked command in '/home/rpi/ros2_ws/src/hri_comms' returned '0': PYTHONPATH=/home/rpi/ros2_ws/build/hri_comms/prefix_override:/home/rpi/ros2_ws/install/hri_comms/lib/python3.10/site-packages:${PYTHONPATH} /usr/bin/python3 setup.py egg_info --egg-base ../../build/hri_comms build --build-base /home/rpi/ros2_ws/build/hri_comms/build install --record /home/rpi/ros2_ws/build/hri_comms/install.log --single-version-externally-managed
