[12.273s] Invoking command in '/home/rpi/ros2_ws/src/hri_comms': PYTHONPATH=/home/rpi/ros2_ws/build/hri_comms/prefix_override:/home/rpi/ros2_ws/install/hri_comms/lib/python3.10/site-packages:${PYTHONPATH} /usr/bin/python3 setup.py egg_info --egg-base ../../build/hri_comms build --build-base /home/rpi/ros2_ws/build/hri_comms/build install --record /home/rpi/ros2_ws/build/hri_comms/install.log --single-version-externally-managed
[14.214s] running egg_info
[14.218s] writing ../../build/hri_comms/hri_comms.egg-info/PKG-INFO
[14.220s] writing dependency_links to ../../build/hri_comms/hri_comms.egg-info/dependency_links.txt
[14.222s] writing entry points to ../../build/hri_comms/hri_comms.egg-info/entry_points.txt
[14.223s] writing requirements to ../../build/hri_comms/hri_comms.egg-info/requires.txt
[14.225s] writing top-level names to ../../build/hri_comms/hri_comms.egg-info/top_level.txt
[14.237s] reading manifest file '../../build/hri_comms/hri_comms.egg-info/SOURCES.txt'
[14.242s] writing manifest file '../../build/hri_comms/hri_comms.egg-info/SOURCES.txt'
[14.243s] running build
[14.244s] running build_py
[14.245s] copying hri_comms/udp_server.py -> /home/rpi/ros2_ws/build/hri_comms/build/lib/hri_comms
[14.247s] running install
[14.249s] running install_lib
[14.254s] copying /home/rpi/ros2_ws/build/hri_comms/build/lib/hri_comms/udp_server.py -> /home/rpi/ros2_ws/install/hri_comms/lib/python3.10/site-packages/hri_comms
[14.258s] byte-compiling /home/rpi/ros2_ws/install/hri_comms/lib/python3.10/site-packages/hri_comms/udp_server.py to udp_server.cpython-310.pyc
[14.263s] running install_data
[14.267s] running install_egg_info
[14.279s] removing '/home/rpi/ros2_ws/install/hri_comms/lib/python3.10/site-packages/hri_comms-0.0.0-py3.10.egg-info' (and everything under it)
[14.282s] Copying ../../build/hri_comms/hri_comms.egg-info to /home/rpi/ros2_ws/install/hri_comms/lib/python3.10/site-packages/hri_comms-0.0.0-py3.10.egg-info
[14.295s] running install_scripts
[14.505s] Installing data_handler script to /home/rpi/ros2_ws/install/hri_comms/lib/hri_comms
[14.509s] Installing udp_server script to /home/rpi/ros2_ws/install/hri_comms/lib/hri_comms
[14.515s] writing list of installed files to '/home/rpi/ros2_ws/build/hri_comms/install.log'
[15.639s] Invoked command in '/home/rpi/ros2_ws/src/hri_comms' returned '0': PYTHONPATH=/home/rpi/ros2_ws/build/hri_comms/prefix_override:/home/rpi/ros2_ws/install/hri_comms/lib/python3.10/site-packages:${PYTHONPATH} /usr/bin/python3 setup.py egg_info --egg-base ../../build/hri_comms build --build-base /home/rpi/ros2_ws/build/hri_comms/build install --record /home/rpi/ros2_ws/build/hri_comms/install.log --single-version-externally-managed
