[10.419s] Invoking command in '/home/rpi/ros2_ws/src/servo_controller': PYTHONPATH=/home/rpi/ros2_ws/build/servo_controller/prefix_override:/home/rpi/ros2_ws/install/servo_controller/lib/python3.10/site-packages:${PYTHONPATH} /usr/bin/python3 setup.py egg_info --egg-base ../../build/servo_controller build --build-base /home/rpi/ros2_ws/build/servo_controller/build install --record /home/rpi/ros2_ws/build/servo_controller/install.log --single-version-externally-managed
[12.327s] running egg_info
[12.331s] writing ../../build/servo_controller/servo_controller.egg-info/PKG-INFO
[12.333s] writing dependency_links to ../../build/servo_controller/servo_controller.egg-info/dependency_links.txt
[12.337s] writing entry points to ../../build/servo_controller/servo_controller.egg-info/entry_points.txt
[12.343s] writing requirements to ../../build/servo_controller/servo_controller.egg-info/requires.txt
[12.345s] writing top-level names to ../../build/servo_controller/servo_controller.egg-info/top_level.txt
[12.358s] reading manifest file '../../build/servo_controller/servo_controller.egg-info/SOURCES.txt'
[12.365s] writing manifest file '../../build/servo_controller/servo_controller.egg-info/SOURCES.txt'
[12.367s] running build
[12.368s] running build_py
[12.369s] running install
[12.371s] running install_lib
[12.378s] running install_data
[12.381s] running install_egg_info
[12.393s] removing '/home/rpi/ros2_ws/install/servo_controller/lib/python3.10/site-packages/servo_controller-0.0.0-py3.10.egg-info' (and everything under it)
[12.395s] Copying ../../build/servo_controller/servo_controller.egg-info to /home/rpi/ros2_ws/install/servo_controller/lib/python3.10/site-packages/servo_controller-0.0.0-py3.10.egg-info
[12.404s] running install_scripts
[12.585s] Installing actuate_servo script to /home/rpi/ros2_ws/install/servo_controller/lib/servo_controller
[12.589s] Installing keyboard_input script to /home/rpi/ros2_ws/install/servo_controller/lib/servo_controller
[12.592s] writing list of installed files to '/home/rpi/ros2_ws/build/servo_controller/install.log'
[13.464s] Invoked command in '/home/rpi/ros2_ws/src/servo_controller' returned '0': PYTHONPATH=/home/rpi/ros2_ws/build/servo_controller/prefix_override:/home/rpi/ros2_ws/install/servo_controller/lib/python3.10/site-packages:${PYTHONPATH} /usr/bin/python3 setup.py egg_info --egg-base ../../build/servo_controller build --build-base /home/rpi/ros2_ws/build/servo_controller/build install --record /home/rpi/ros2_ws/build/servo_controller/install.log --single-version-externally-managed
