[15.282s] Invoking command in '/home/rpi/ros2_ws/src/hri_comms': PYTHONPATH=/home/rpi/ros2_ws/build/hri_comms/prefix_override:/home/rpi/ros2_ws/install/hri_comms/lib/python3.10/site-packages:${PYTHONPATH} /usr/bin/python3 setup.py egg_info --egg-base ../../build/hri_comms build --build-base /home/rpi/ros2_ws/build/hri_comms/build install --record /home/rpi/ros2_ws/build/hri_comms/install.log --single-version-externally-managed
[17.951s] running egg_info
[17.955s] writing ../../build/hri_comms/hri_comms.egg-info/PKG-INFO
[17.957s] writing dependency_links to ../../build/hri_comms/hri_comms.egg-info/dependency_links.txt
[17.960s] writing entry points to ../../build/hri_comms/hri_comms.egg-info/entry_points.txt
[17.962s] writing requirements to ../../build/hri_comms/hri_comms.egg-info/requires.txt
[17.963s] writing top-level names to ../../build/hri_comms/hri_comms.egg-info/top_level.txt
[17.975s] reading manifest file '../../build/hri_comms/hri_comms.egg-info/SOURCES.txt'
[17.980s] writing manifest file '../../build/hri_comms/hri_comms.egg-info/SOURCES.txt'
[17.981s] running build
[17.981s] running build_py
[17.984s] running install
[17.986s] running install_lib
[17.994s] running install_data
[17.998s] running install_egg_info
[18.008s] removing '/home/rpi/ros2_ws/install/hri_comms/lib/python3.10/site-packages/hri_comms-0.0.0-py3.10.egg-info' (and everything under it)
[18.011s] Copying ../../build/hri_comms/hri_comms.egg-info to /home/rpi/ros2_ws/install/hri_comms/lib/python3.10/site-packages/hri_comms-0.0.0-py3.10.egg-info
[18.021s] running install_scripts
[18.174s] Installing data_handler script to /home/rpi/ros2_ws/install/hri_comms/lib/hri_comms
[18.176s] Installing udp_server script to /home/rpi/ros2_ws/install/hri_comms/lib/hri_comms
[18.180s] writing list of installed files to '/home/rpi/ros2_ws/build/hri_comms/install.log'
[18.435s] Invoked command in '/home/rpi/ros2_ws/src/hri_comms' returned '0': PYTHONPATH=/home/rpi/ros2_ws/build/hri_comms/prefix_override:/home/rpi/ros2_ws/install/hri_comms/lib/python3.10/site-packages:${PYTHONPATH} /usr/bin/python3 setup.py egg_info --egg-base ../../build/hri_comms build --build-base /home/rpi/ros2_ws/build/hri_comms/build install --record /home/rpi/ros2_ws/build/hri_comms/install.log --single-version-externally-managed
