[11.755s] Invoking command in '/home/rpi/ros2_ws/src/servo_controller': PYTHONPATH=/home/rpi/ros2_ws/build/servo_controller/prefix_override:/home/rpi/ros2_ws/install/servo_controller/lib/python3.10/site-packages:${PYTHONPATH} /usr/bin/python3 setup.py egg_info --egg-base ../../build/servo_controller build --build-base /home/rpi/ros2_ws/build/servo_controller/build install --record /home/rpi/ros2_ws/build/servo_controller/install.log --single-version-externally-managed
[14.106s] running egg_info
[14.113s] writing ../../build/servo_controller/servo_controller.egg-info/PKG-INFO
[14.115s] writing dependency_links to ../../build/servo_controller/servo_controller.egg-info/dependency_links.txt
[14.118s] writing entry points to ../../build/servo_controller/servo_controller.egg-info/entry_points.txt
[14.119s] writing requirements to ../../build/servo_controller/servo_controller.egg-info/requires.txt
[14.120s] writing top-level names to ../../build/servo_controller/servo_controller.egg-info/top_level.txt
[14.136s] reading manifest file '../../build/servo_controller/servo_controller.egg-info/SOURCES.txt'
[14.144s] writing manifest file '../../build/servo_controller/servo_controller.egg-info/SOURCES.txt'
[14.145s] running build
[14.146s] running build_py
[14.151s] running install
[14.155s] running install_lib
[14.173s] running install_data
[14.181s] running install_egg_info
[14.209s] removing '/home/rpi/ros2_ws/install/servo_controller/lib/python3.10/site-packages/servo_controller-0.0.0-py3.10.egg-info' (and everything under it)
[14.215s] Copying ../../build/servo_controller/servo_controller.egg-info to /home/rpi/ros2_ws/install/servo_controller/lib/python3.10/site-packages/servo_controller-0.0.0-py3.10.egg-info
[14.238s] running install_scripts
[14.449s] Installing actuate_servo script to /home/rpi/ros2_ws/install/servo_controller/lib/servo_controller
[14.450s] Installing keyboard_input script to /home/rpi/ros2_ws/install/servo_controller/lib/servo_controller
[14.453s] writing list of installed files to '/home/rpi/ros2_ws/build/servo_controller/install.log'
[15.931s] Invoked command in '/home/rpi/ros2_ws/src/servo_controller' returned '0': PYTHONPATH=/home/rpi/ros2_ws/build/servo_controller/prefix_override:/home/rpi/ros2_ws/install/servo_controller/lib/python3.10/site-packages:${PYTHONPATH} /usr/bin/python3 setup.py egg_info --egg-base ../../build/servo_controller build --build-base /home/rpi/ros2_ws/build/servo_controller/build install --record /home/rpi/ros2_ws/build/servo_controller/install.log --single-version-externally-managed
