[10.284s] Invoking command in '/home/rpi/ros2_ws/src/servo_controller': PYTHONPATH=/home/rpi/ros2_ws/build/servo_controller/prefix_override:/home/rpi/ros2_ws/install/servo_controller/lib/python3.10/site-packages:${PYTHONPATH} /usr/bin/python3 setup.py egg_info --egg-base ../../build/servo_controller build --build-base /home/rpi/ros2_ws/build/servo_controller/build install --record /home/rpi/ros2_ws/build/servo_controller/install.log --single-version-externally-managed
[12.113s] running egg_info
[12.121s] writing ../../build/servo_controller/servo_controller.egg-info/PKG-INFO
[12.131s] writing dependency_links to ../../build/servo_controller/servo_controller.egg-info/dependency_links.txt
[12.133s] writing entry points to ../../build/servo_controller/servo_controller.egg-info/entry_points.txt
[12.134s] writing requirements to ../../build/servo_controller/servo_controller.egg-info/requires.txt
[12.135s] writing top-level names to ../../build/servo_controller/servo_controller.egg-info/top_level.txt
[12.139s] reading manifest file '../../build/servo_controller/servo_controller.egg-info/SOURCES.txt'
[12.147s] writing manifest file '../../build/servo_controller/servo_controller.egg-info/SOURCES.txt'
[12.147s] running build
[12.152s] running build_py
[12.153s] running install
[12.153s] running install_lib
[12.162s] running install_data
[12.163s] running install_egg_info
[12.173s] removing '/home/rpi/ros2_ws/install/servo_controller/lib/python3.10/site-packages/servo_controller-0.0.0-py3.10.egg-info' (and everything under it)
[12.176s] Copying ../../build/servo_controller/servo_controller.egg-info to /home/rpi/ros2_ws/install/servo_controller/lib/python3.10/site-packages/servo_controller-0.0.0-py3.10.egg-info
[12.187s] running install_scripts
[12.313s] Installing actuate_servo script to /home/rpi/ros2_ws/install/servo_controller/lib/servo_controller
[12.322s] Installing keyboard_input script to /home/rpi/ros2_ws/install/servo_controller/lib/servo_controller
[12.332s] writing list of installed files to '/home/rpi/ros2_ws/build/servo_controller/install.log'
[13.284s] Invoked command in '/home/rpi/ros2_ws/src/servo_controller' returned '0': PYTHONPATH=/home/rpi/ros2_ws/build/servo_controller/prefix_override:/home/rpi/ros2_ws/install/servo_controller/lib/python3.10/site-packages:${PYTHONPATH} /usr/bin/python3 setup.py egg_info --egg-base ../../build/servo_controller build --build-base /home/rpi/ros2_ws/build/servo_controller/build install --record /home/rpi/ros2_ws/build/servo_controller/install.log --single-version-externally-managed
