[11.731s] Invoking command in '/home/rpi/ros2_ws/src/hri_comms': PYTHONPATH=/home/rpi/ros2_ws/build/hri_comms/prefix_override:/home/rpi/ros2_ws/install/hri_comms/lib/python3.10/site-packages:${PYTHONPATH} /usr/bin/python3 setup.py egg_info --egg-base ../../build/hri_comms build --build-base /home/rpi/ros2_ws/build/hri_comms/build install --record /home/rpi/ros2_ws/build/hri_comms/install.log --single-version-externally-managed
[13.592s] running egg_info
[13.595s] writing ../../build/hri_comms/hri_comms.egg-info/PKG-INFO
[13.597s] writing dependency_links to ../../build/hri_comms/hri_comms.egg-info/dependency_links.txt
[13.600s] writing entry points to ../../build/hri_comms/hri_comms.egg-info/entry_points.txt
[13.602s] writing requirements to ../../build/hri_comms/hri_comms.egg-info/requires.txt
[13.604s] writing top-level names to ../../build/hri_comms/hri_comms.egg-info/top_level.txt
[13.617s] reading manifest file '../../build/hri_comms/hri_comms.egg-info/SOURCES.txt'
[13.623s] writing manifest file '../../build/hri_comms/hri_comms.egg-info/SOURCES.txt'
[13.624s] running build
[13.625s] running build_py
[13.628s] running install
[13.630s] running install_lib
[13.637s] running install_data
[13.639s] running install_egg_info
[13.650s] removing '/home/rpi/ros2_ws/install/hri_comms/lib/python3.10/site-packages/hri_comms-0.0.0-py3.10.egg-info' (and everything under it)
[13.654s] Copying ../../build/hri_comms/hri_comms.egg-info to /home/rpi/ros2_ws/install/hri_comms/lib/python3.10/site-packages/hri_comms-0.0.0-py3.10.egg-info
[13.663s] running install_scripts
[13.793s] Installing data_handler script to /home/rpi/ros2_ws/install/hri_comms/lib/hri_comms
[13.802s] Installing udp_server script to /home/rpi/ros2_ws/install/hri_comms/lib/hri_comms
[13.809s] writing list of installed files to '/home/rpi/ros2_ws/build/hri_comms/install.log'
[14.797s] Invoked command in '/home/rpi/ros2_ws/src/hri_comms' returned '0': PYTHONPATH=/home/rpi/ros2_ws/build/hri_comms/prefix_override:/home/rpi/ros2_ws/install/hri_comms/lib/python3.10/site-packages:${PYTHONPATH} /usr/bin/python3 setup.py egg_info --egg-base ../../build/hri_comms build --build-base /home/rpi/ros2_ws/build/hri_comms/build install --record /home/rpi/ros2_ws/build/hri_comms/install.log --single-version-externally-managed
