[11.639s] Invoking command in '/home/rpi/ros2_ws/src/hri_comms': PYTHONPATH=/home/rpi/ros2_ws/build/hri_comms/prefix_override:/home/rpi/ros2_ws/install/hri_comms/lib/python3.10/site-packages:${PYTHONPATH} /usr/bin/python3 setup.py egg_info --egg-base ../../build/hri_comms build --build-base /home/rpi/ros2_ws/build/hri_comms/build install --record /home/rpi/ros2_ws/build/hri_comms/install.log --single-version-externally-managed
[13.488s] running egg_info
[13.492s] writing ../../build/hri_comms/hri_comms.egg-info/PKG-INFO
[13.494s] writing dependency_links to ../../build/hri_comms/hri_comms.egg-info/dependency_links.txt
[13.497s] writing entry points to ../../build/hri_comms/hri_comms.egg-info/entry_points.txt
[13.499s] writing requirements to ../../build/hri_comms/hri_comms.egg-info/requires.txt
[13.500s] writing top-level names to ../../build/hri_comms/hri_comms.egg-info/top_level.txt
[13.511s] reading manifest file '../../build/hri_comms/hri_comms.egg-info/SOURCES.txt'
[13.516s] writing manifest file '../../build/hri_comms/hri_comms.egg-info/SOURCES.txt'
[13.518s] running build
[13.518s] running build_py
[13.520s] running install
[13.522s] running install_lib
[13.530s] running install_data
[13.533s] running install_egg_info
[13.544s] removing '/home/rpi/ros2_ws/install/hri_comms/lib/python3.10/site-packages/hri_comms-0.0.0-py3.10.egg-info' (and everything under it)
[13.547s] Copying ../../build/hri_comms/hri_comms.egg-info to /home/rpi/ros2_ws/install/hri_comms/lib/python3.10/site-packages/hri_comms-0.0.0-py3.10.egg-info
[13.555s] running install_scripts
[13.677s] Installing data_handler script to /home/rpi/ros2_ws/install/hri_comms/lib/hri_comms
[13.682s] Installing udp_server script to /home/rpi/ros2_ws/install/hri_comms/lib/hri_comms
[13.696s] writing list of installed files to '/home/rpi/ros2_ws/build/hri_comms/install.log'
[14.403s] Invoked command in '/home/rpi/ros2_ws/src/hri_comms' returned '0': PYTHONPATH=/home/rpi/ros2_ws/build/hri_comms/prefix_override:/home/rpi/ros2_ws/install/hri_comms/lib/python3.10/site-packages:${PYTHONPATH} /usr/bin/python3 setup.py egg_info --egg-base ../../build/hri_comms build --build-base /home/rpi/ros2_ws/build/hri_comms/build install --record /home/rpi/ros2_ws/build/hri_comms/install.log --single-version-externally-managed
