[14.159s] Invoking command in '/home/rpi/ros2_ws/src/data_collection': PYTHONPATH=/home/rpi/ros2_ws/build/data_collection/prefix_override:/home/rpi/ros2_ws/install/data_collection/lib/python3.10/site-packages:${PYTHONPATH} /usr/bin/python3 setup.py egg_info --egg-base ../../build/data_collection build --build-base /home/rpi/ros2_ws/build/data_collection/build install --record /home/rpi/ros2_ws/build/data_collection/install.log --single-version-externally-managed
[16.509s] running egg_info
[16.523s] writing ../../build/data_collection/data_collection.egg-info/PKG-INFO
[16.525s] writing dependency_links to ../../build/data_collection/data_collection.egg-info/dependency_links.txt
[16.541s] writing entry points to ../../build/data_collection/data_collection.egg-info/entry_points.txt
[16.544s] writing requirements to ../../build/data_collection/data_collection.egg-info/requires.txt
[16.547s] writing top-level names to ../../build/data_collection/data_collection.egg-info/top_level.txt
[16.559s] reading manifest file '../../build/data_collection/data_collection.egg-info/SOURCES.txt'
[16.578s] writing manifest file '../../build/data_collection/data_collection.egg-info/SOURCES.txt'
[16.585s] running build
[16.588s] running build_py
[16.605s] running install
[16.609s] running install_lib
[16.618s] running install_data
[16.623s] running install_egg_info
[16.637s] removing '/home/rpi/ros2_ws/install/data_collection/lib/python3.10/site-packages/data_collection-0.0.0-py3.10.egg-info' (and everything under it)
[16.641s] Copying ../../build/data_collection/data_collection.egg-info to /home/rpi/ros2_ws/install/data_collection/lib/python3.10/site-packages/data_collection-0.0.0-py3.10.egg-info
[16.651s] running install_scripts
[16.856s] Installing csv_writer script to /home/rpi/ros2_ws/install/data_collection/lib/data_collection
[16.866s] writing list of installed files to '/home/rpi/ros2_ws/build/data_collection/install.log'
[17.179s] Invoked command in '/home/rpi/ros2_ws/src/data_collection' returned '0': PYTHONPATH=/home/rpi/ros2_ws/build/data_collection/prefix_override:/home/rpi/ros2_ws/install/data_collection/lib/python3.10/site-packages:${PYTHONPATH} /usr/bin/python3 setup.py egg_info --egg-base ../../build/data_collection build --build-base /home/rpi/ros2_ws/build/data_collection/build install --record /home/rpi/ros2_ws/build/data_collection/install.log --single-version-externally-managed
