[11.391s] Invoking command in '/home/rpi/ros2_ws/src/actuators': AMENT_PREFIX_PATH=/home/rpi/ros2_ws/install/hri_comms:/home/rpi/ros2_ws/install/servo_controller:/home/rpi/ros2_ws/install/robot_arm_controller:/home/rpi/ros2_ws/install/my_robot_controller:/home/rpi/ros2_ws/install/actuators:/home/rpi/ros2_ws/install/data_collection:/opt/ros/humble PYTHONPATH=/home/rpi/ros2_ws/build/actuators/prefix_override:/home/rpi/ros2_ws/install/actuators/lib/python3.10/site-packages:/home/rpi/ros2_ws/install/hri_comms/lib/python3.10/site-packages:/home/rpi/ros2_ws/install/servo_controller/lib/python3.10/site-packages:/home/rpi/ros2_ws/install/robot_arm_controller/lib/python3.10/site-packages:/home/rpi/ros2_ws/install/my_robot_controller/lib/python3.10/site-packages:/home/rpi/ros2_ws/install/actuators/lib/python3.10/site-packages:/home/rpi/ros2_ws/install/data_collection/lib/python3.10/site-packages:/opt/ros/humble/lib/python3.10/site-packages:/opt/ros/humble/local/lib/python3.10/dist-packages /usr/bin/python3 setup.py egg_info --egg-base ../../build/actuators build --build-base /home/rpi/ros2_ws/build/actuators/build install --record /home/rpi/ros2_ws/build/actuators/install.log --single-version-externally-managed
[13.683s] running egg_info
[13.686s] writing ../../build/actuators/actuators.egg-info/PKG-INFO
[13.688s] writing dependency_links to ../../build/actuators/actuators.egg-info/dependency_links.txt
[13.690s] writing entry points to ../../build/actuators/actuators.egg-info/entry_points.txt
[13.692s] writing requirements to ../../build/actuators/actuators.egg-info/requires.txt
[13.693s] writing top-level names to ../../build/actuators/actuators.egg-info/top_level.txt
[13.705s] reading manifest file '../../build/actuators/actuators.egg-info/SOURCES.txt'
[13.711s] writing manifest file '../../build/actuators/actuators.egg-info/SOURCES.txt'
[13.713s] running build
[13.714s] running build_py
[13.715s] running install
[13.716s] running install_lib
[13.725s] running install_data
[13.728s] running install_egg_info
[13.739s] removing '/home/rpi/ros2_ws/install/actuators/lib/python3.10/site-packages/actuators-0.0.0-py3.10.egg-info' (and everything under it)
[13.741s] Copying ../../build/actuators/actuators.egg-info to /home/rpi/ros2_ws/install/actuators/lib/python3.10/site-packages/actuators-0.0.0-py3.10.egg-info
[13.754s] running install_scripts
[13.871s] Installing head_tracking script to /home/rpi/ros2_ws/install/actuators/lib/actuators
[13.873s] writing list of installed files to '/home/rpi/ros2_ws/build/actuators/install.log'
[14.156s] Invoked command in '/home/rpi/ros2_ws/src/actuators' returned '0': AMENT_PREFIX_PATH=/home/rpi/ros2_ws/install/hri_comms:/home/rpi/ros2_ws/install/servo_controller:/home/rpi/ros2_ws/install/robot_arm_controller:/home/rpi/ros2_ws/install/my_robot_controller:/home/rpi/ros2_ws/install/actuators:/home/rpi/ros2_ws/install/data_collection:/opt/ros/humble PYTHONPATH=/home/rpi/ros2_ws/build/actuators/prefix_override:/home/rpi/ros2_ws/install/actuators/lib/python3.10/site-packages:/home/rpi/ros2_ws/install/hri_comms/lib/python3.10/site-packages:/home/rpi/ros2_ws/install/servo_controller/lib/python3.10/site-packages:/home/rpi/ros2_ws/install/robot_arm_controller/lib/python3.10/site-packages:/home/rpi/ros2_ws/install/my_robot_controller/lib/python3.10/site-packages:/home/rpi/ros2_ws/install/actuators/lib/python3.10/site-packages:/home/rpi/ros2_ws/install/data_collection/lib/python3.10/site-packages:/opt/ros/humble/lib/python3.10/site-packages:/opt/ros/humble/local/lib/python3.10/dist-packages /usr/bin/python3 setup.py egg_info --egg-base ../../build/actuators build --build-base /home/rpi/ros2_ws/build/actuators/build install --record /home/rpi/ros2_ws/build/actuators/install.log --single-version-externally-managed
