[11.165s] Invoking command in '/home/rpi/ros2_ws/src/servo_controller': PYTHONPATH=/home/rpi/ros2_ws/build/servo_controller/prefix_override:/home/rpi/ros2_ws/install/servo_controller/lib/python3.10/site-packages:${PYTHONPATH} /usr/bin/python3 setup.py egg_info --egg-base ../../build/servo_controller build --build-base /home/rpi/ros2_ws/build/servo_controller/build install --record /home/rpi/ros2_ws/build/servo_controller/install.log --single-version-externally-managed
[13.711s] running egg_info
[13.716s] writing ../../build/servo_controller/servo_controller.egg-info/PKG-INFO
[13.717s] writing dependency_links to ../../build/servo_controller/servo_controller.egg-info/dependency_links.txt
[13.719s] writing entry points to ../../build/servo_controller/servo_controller.egg-info/entry_points.txt
[13.720s] writing requirements to ../../build/servo_controller/servo_controller.egg-info/requires.txt
[13.721s] writing top-level names to ../../build/servo_controller/servo_controller.egg-info/top_level.txt
[13.732s] reading manifest file '../../build/servo_controller/servo_controller.egg-info/SOURCES.txt'
[13.740s] writing manifest file '../../build/servo_controller/servo_controller.egg-info/SOURCES.txt'
[13.741s] running build
[13.742s] running build_py
[13.743s] running install
[13.744s] running install_lib
[13.752s] running install_data
[13.770s] running install_egg_info
[13.771s] removing '/home/rpi/ros2_ws/install/servo_controller/lib/python3.10/site-packages/servo_controller-0.0.0-py3.10.egg-info' (and everything under it)
[13.772s] Copying ../../build/servo_controller/servo_controller.egg-info to /home/rpi/ros2_ws/install/servo_controller/lib/python3.10/site-packages/servo_controller-0.0.0-py3.10.egg-info
[13.781s] running install_scripts
[13.911s] Installing actuate_servo script to /home/rpi/ros2_ws/install/servo_controller/lib/servo_controller
[13.913s] Installing keyboard_input script to /home/rpi/ros2_ws/install/servo_controller/lib/servo_controller
[13.916s] writing list of installed files to '/home/rpi/ros2_ws/build/servo_controller/install.log'
[14.164s] Invoked command in '/home/rpi/ros2_ws/src/servo_controller' returned '0': PYTHONPATH=/home/rpi/ros2_ws/build/servo_controller/prefix_override:/home/rpi/ros2_ws/install/servo_controller/lib/python3.10/site-packages:${PYTHONPATH} /usr/bin/python3 setup.py egg_info --egg-base ../../build/servo_controller build --build-base /home/rpi/ros2_ws/build/servo_controller/build install --record /home/rpi/ros2_ws/build/servo_controller/install.log --single-version-externally-managed
