[11.444s] Invoking command in '/home/rpi/ros2_ws/src/servo_controller': PYTHONPATH=/home/rpi/ros2_ws/build/servo_controller/prefix_override:/home/rpi/ros2_ws/install/servo_controller/lib/python3.10/site-packages:${PYTHONPATH} /usr/bin/python3 setup.py egg_info --egg-base ../../build/servo_controller build --build-base /home/rpi/ros2_ws/build/servo_controller/build install --record /home/rpi/ros2_ws/build/servo_controller/install.log --single-version-externally-managed
[13.926s] running egg_info
[13.936s] writing ../../build/servo_controller/servo_controller.egg-info/PKG-INFO
[13.940s] writing dependency_links to ../../build/servo_controller/servo_controller.egg-info/dependency_links.txt
[13.944s] writing entry points to ../../build/servo_controller/servo_controller.egg-info/entry_points.txt
[13.947s] writing requirements to ../../build/servo_controller/servo_controller.egg-info/requires.txt
[13.984s] writing top-level names to ../../build/servo_controller/servo_controller.egg-info/top_level.txt
[13.986s] reading manifest file '../../build/servo_controller/servo_controller.egg-info/SOURCES.txt'
[13.999s] writing manifest file '../../build/servo_controller/servo_controller.egg-info/SOURCES.txt'
[14.002s] running build
[14.003s] running build_py
[14.007s] running install
[14.015s] running install_lib
[14.047s] running install_data
[14.053s] running install_egg_info
[14.077s] removing '/home/rpi/ros2_ws/install/servo_controller/lib/python3.10/site-packages/servo_controller-0.0.0-py3.10.egg-info' (and everything under it)
[14.087s] Copying ../../build/servo_controller/servo_controller.egg-info to /home/rpi/ros2_ws/install/servo_controller/lib/python3.10/site-packages/servo_controller-0.0.0-py3.10.egg-info
[14.114s] running install_scripts
[14.342s] Installing actuate_servo script to /home/rpi/ros2_ws/install/servo_controller/lib/servo_controller
[14.347s] Installing keyboard_input script to /home/rpi/ros2_ws/install/servo_controller/lib/servo_controller
[14.352s] writing list of installed files to '/home/rpi/ros2_ws/build/servo_controller/install.log'
[15.748s] Invoked command in '/home/rpi/ros2_ws/src/servo_controller' returned '0': PYTHONPATH=/home/rpi/ros2_ws/build/servo_controller/prefix_override:/home/rpi/ros2_ws/install/servo_controller/lib/python3.10/site-packages:${PYTHONPATH} /usr/bin/python3 setup.py egg_info --egg-base ../../build/servo_controller build --build-base /home/rpi/ros2_ws/build/servo_controller/build install --record /home/rpi/ros2_ws/build/servo_controller/install.log --single-version-externally-managed
