[8.205s] Invoking command in '/home/rpi/ros2_ws/src/actuators': AMENT_PREFIX_PATH=/home/rpi/ros2_ws/install/hri_comms:/home/rpi/ros2_ws/install/servo_controller:/home/rpi/ros2_ws/install/robot_arm_controller:/home/rpi/ros2_ws/install/my_robot_controller:/home/rpi/ros2_ws/install/actuators:/home/rpi/ros2_ws/install/data_collection:/opt/ros/humble PYTHONPATH=/home/rpi/ros2_ws/build/actuators/prefix_override:/home/rpi/ros2_ws/install/actuators/lib/python3.10/site-packages:/home/rpi/ros2_ws/install/hri_comms/lib/python3.10/site-packages:/home/rpi/ros2_ws/install/servo_controller/lib/python3.10/site-packages:/home/rpi/ros2_ws/install/robot_arm_controller/lib/python3.10/site-packages:/home/rpi/ros2_ws/install/my_robot_controller/lib/python3.10/site-packages:/home/rpi/ros2_ws/install/actuators/lib/python3.10/site-packages:/home/rpi/ros2_ws/install/data_collection/lib/python3.10/site-packages:/opt/ros/humble/lib/python3.10/site-packages:/opt/ros/humble/local/lib/python3.10/dist-packages /usr/bin/python3 setup.py egg_info --egg-base ../../build/actuators build --build-base /home/rpi/ros2_ws/build/actuators/build install --record /home/rpi/ros2_ws/build/actuators/install.log --single-version-externally-managed
[9.850s] running egg_info
[9.854s] writing ../../build/actuators/actuators.egg-info/PKG-INFO
[9.856s] writing dependency_links to ../../build/actuators/actuators.egg-info/dependency_links.txt
[9.857s] writing entry points to ../../build/actuators/actuators.egg-info/entry_points.txt
[9.858s] writing requirements to ../../build/actuators/actuators.egg-info/requires.txt
[9.859s] writing top-level names to ../../build/actuators/actuators.egg-info/top_level.txt
[9.868s] reading manifest file '../../build/actuators/actuators.egg-info/SOURCES.txt'
[9.875s] writing manifest file '../../build/actuators/actuators.egg-info/SOURCES.txt'
[9.876s] running build
[9.877s] running build_py
[9.878s] copying actuators/head_tracking.py -> /home/rpi/ros2_ws/build/actuators/build/lib/actuators
[9.879s] running install
[9.880s] running install_lib
[9.882s] copying /home/rpi/ros2_ws/build/actuators/build/lib/actuators/head_tracking.py -> /home/rpi/ros2_ws/install/actuators/lib/python3.10/site-packages/actuators
[9.886s] byte-compiling /home/rpi/ros2_ws/install/actuators/lib/python3.10/site-packages/actuators/head_tracking.py to head_tracking.cpython-310.pyc
[9.892s] running install_data
[9.893s] running install_egg_info
[9.902s] removing '/home/rpi/ros2_ws/install/actuators/lib/python3.10/site-packages/actuators-0.0.0-py3.10.egg-info' (and everything under it)
[9.905s] Copying ../../build/actuators/actuators.egg-info to /home/rpi/ros2_ws/install/actuators/lib/python3.10/site-packages/actuators-0.0.0-py3.10.egg-info
[9.914s] running install_scripts
[10.020s] Installing head_tracking script to /home/rpi/ros2_ws/install/actuators/lib/actuators
[10.033s] writing list of installed files to '/home/rpi/ros2_ws/build/actuators/install.log'
[10.249s] Invoked command in '/home/rpi/ros2_ws/src/actuators' returned '0': AMENT_PREFIX_PATH=/home/rpi/ros2_ws/install/hri_comms:/home/rpi/ros2_ws/install/servo_controller:/home/rpi/ros2_ws/install/robot_arm_controller:/home/rpi/ros2_ws/install/my_robot_controller:/home/rpi/ros2_ws/install/actuators:/home/rpi/ros2_ws/install/data_collection:/opt/ros/humble PYTHONPATH=/home/rpi/ros2_ws/build/actuators/prefix_override:/home/rpi/ros2_ws/install/actuators/lib/python3.10/site-packages:/home/rpi/ros2_ws/install/hri_comms/lib/python3.10/site-packages:/home/rpi/ros2_ws/install/servo_controller/lib/python3.10/site-packages:/home/rpi/ros2_ws/install/robot_arm_controller/lib/python3.10/site-packages:/home/rpi/ros2_ws/install/my_robot_controller/lib/python3.10/site-packages:/home/rpi/ros2_ws/install/actuators/lib/python3.10/site-packages:/home/rpi/ros2_ws/install/data_collection/lib/python3.10/site-packages:/opt/ros/humble/lib/python3.10/site-packages:/opt/ros/humble/local/lib/python3.10/dist-packages /usr/bin/python3 setup.py egg_info --egg-base ../../build/actuators build --build-base /home/rpi/ros2_ws/build/actuators/build install --record /home/rpi/ros2_ws/build/actuators/install.log --single-version-externally-managed
