running egg_info
writing ../../build/actuators/actuators.egg-info/PKG-INFO
writing dependency_links to ../../build/actuators/actuators.egg-info/dependency_links.txt
writing entry points to ../../build/actuators/actuators.egg-info/entry_points.txt
writing requirements to ../../build/actuators/actuators.egg-info/requires.txt
writing top-level names to ../../build/actuators/actuators.egg-info/top_level.txt
reading manifest file '../../build/actuators/actuators.egg-info/SOURCES.txt'
writing manifest file '../../build/actuators/actuators.egg-info/SOURCES.txt'
running build
running build_py
copying actuators/head_tracking.py -> /home/rpi/ros2_ws/build/actuators/build/lib/actuators
running install
running install_lib
copying /home/rpi/ros2_ws/build/actuators/build/lib/actuators/head_tracking.py -> /home/rpi/ros2_ws/install/actuators/lib/python3.10/site-packages/actuators
byte-compiling /home/rpi/ros2_ws/install/actuators/lib/python3.10/site-packages/actuators/head_tracking.py to head_tracking.cpython-310.pyc
running install_data
running install_egg_info
removing '/home/rpi/ros2_ws/install/actuators/lib/python3.10/site-packages/actuators-0.0.0-py3.10.egg-info' (and everything under it)
Copying ../../build/actuators/actuators.egg-info to /home/rpi/ros2_ws/install/actuators/lib/python3.10/site-packages/actuators-0.0.0-py3.10.egg-info
running install_scripts
Installing head_tracking script to /home/rpi/ros2_ws/install/actuators/lib/actuators
writing list of installed files to '/home/rpi/ros2_ws/build/actuators/install.log'
