[23.098s] Invoking command in '/home/rpi/ros2_ws/src/data_collection': PYTHONPATH=/home/rpi/ros2_ws/build/data_collection/prefix_override:/home/rpi/ros2_ws/install/data_collection/lib/python3.10/site-packages:${PYTHONPATH} /usr/bin/python3 setup.py egg_info --egg-base ../../build/data_collection build --build-base /home/rpi/ros2_ws/build/data_collection/build install --record /home/rpi/ros2_ws/build/data_collection/install.log --single-version-externally-managed
[28.608s] running egg_info
[28.612s] writing ../../build/data_collection/data_collection.egg-info/PKG-INFO
[28.644s] writing dependency_links to ../../build/data_collection/data_collection.egg-info/dependency_links.txt
[28.655s] writing entry points to ../../build/data_collection/data_collection.egg-info/entry_points.txt
[28.659s] writing requirements to ../../build/data_collection/data_collection.egg-info/requires.txt
[28.661s] writing top-level names to ../../build/data_collection/data_collection.egg-info/top_level.txt
[28.672s] reading manifest file '../../build/data_collection/data_collection.egg-info/SOURCES.txt'
[28.691s] writing manifest file '../../build/data_collection/data_collection.egg-info/SOURCES.txt'
[28.698s] running build
[28.702s] running build_py
[28.703s] running install
[28.718s] running install_lib
[28.764s] running install_data
[28.766s] running install_egg_info
[28.825s] removing '/home/rpi/ros2_ws/install/data_collection/lib/python3.10/site-packages/data_collection-0.0.0-py3.10.egg-info' (and everything under it)
[28.836s] Copying ../../build/data_collection/data_collection.egg-info to /home/rpi/ros2_ws/install/data_collection/lib/python3.10/site-packages/data_collection-0.0.0-py3.10.egg-info
[28.868s] running install_scripts
[29.138s] Installing csv_writer script to /home/rpi/ros2_ws/install/data_collection/lib/data_collection
[29.143s] writing list of installed files to '/home/rpi/ros2_ws/build/data_collection/install.log'
[31.326s] Invoked command in '/home/rpi/ros2_ws/src/data_collection' returned '0': PYTHONPATH=/home/rpi/ros2_ws/build/data_collection/prefix_override:/home/rpi/ros2_ws/install/data_collection/lib/python3.10/site-packages:${PYTHONPATH} /usr/bin/python3 setup.py egg_info --egg-base ../../build/data_collection build --build-base /home/rpi/ros2_ws/build/data_collection/build install --record /home/rpi/ros2_ws/build/data_collection/install.log --single-version-externally-managed
