[15.488s] Invoking command in '/home/rpi/ros2_ws/src/servo_controller': PYTHONPATH=/home/rpi/ros2_ws/build/servo_controller/prefix_override:/home/rpi/ros2_ws/install/servo_controller/lib/python3.10/site-packages:${PYTHONPATH} /usr/bin/python3 setup.py egg_info --egg-base ../../build/servo_controller build --build-base /home/rpi/ros2_ws/build/servo_controller/build install --record /home/rpi/ros2_ws/build/servo_controller/install.log --single-version-externally-managed
[19.584s] running egg_info
[19.628s] writing ../../build/servo_controller/servo_controller.egg-info/PKG-INFO
[19.645s] writing dependency_links to ../../build/servo_controller/servo_controller.egg-info/dependency_links.txt
[19.646s] writing entry points to ../../build/servo_controller/servo_controller.egg-info/entry_points.txt
[19.651s] writing requirements to ../../build/servo_controller/servo_controller.egg-info/requires.txt
[19.652s] writing top-level names to ../../build/servo_controller/servo_controller.egg-info/top_level.txt
[19.687s] reading manifest file '../../build/servo_controller/servo_controller.egg-info/SOURCES.txt'
[19.695s] writing manifest file '../../build/servo_controller/servo_controller.egg-info/SOURCES.txt'
[19.702s] running build
[19.704s] running build_py
[19.726s] running install
[19.741s] running install_lib
[19.783s] running install_data
[19.787s] running install_egg_info
[19.813s] removing '/home/rpi/ros2_ws/install/servo_controller/lib/python3.10/site-packages/servo_controller-0.0.0-py3.10.egg-info' (and everything under it)
[19.817s] Copying ../../build/servo_controller/servo_controller.egg-info to /home/rpi/ros2_ws/install/servo_controller/lib/python3.10/site-packages/servo_controller-0.0.0-py3.10.egg-info
[19.838s] running install_scripts
[20.065s] Installing actuate_servo script to /home/rpi/ros2_ws/install/servo_controller/lib/servo_controller
[20.089s] Installing keyboard_input script to /home/rpi/ros2_ws/install/servo_controller/lib/servo_controller
[20.090s] writing list of installed files to '/home/rpi/ros2_ws/build/servo_controller/install.log'
[21.105s] Invoked command in '/home/rpi/ros2_ws/src/servo_controller' returned '0': PYTHONPATH=/home/rpi/ros2_ws/build/servo_controller/prefix_override:/home/rpi/ros2_ws/install/servo_controller/lib/python3.10/site-packages:${PYTHONPATH} /usr/bin/python3 setup.py egg_info --egg-base ../../build/servo_controller build --build-base /home/rpi/ros2_ws/build/servo_controller/build install --record /home/rpi/ros2_ws/build/servo_controller/install.log --single-version-externally-managed
