[13.474s] Invoking command in '/home/rpi/ros2_ws/src/hri_comms': PYTHONPATH=/home/rpi/ros2_ws/build/hri_comms/prefix_override:/home/rpi/ros2_ws/install/hri_comms/lib/python3.10/site-packages:${PYTHONPATH} /usr/bin/python3 setup.py egg_info --egg-base ../../build/hri_comms build --build-base /home/rpi/ros2_ws/build/hri_comms/build install --record /home/rpi/ros2_ws/build/hri_comms/install.log --single-version-externally-managed
[15.573s] running egg_info
[15.577s] writing ../../build/hri_comms/hri_comms.egg-info/PKG-INFO
[15.579s] writing dependency_links to ../../build/hri_comms/hri_comms.egg-info/dependency_links.txt
[15.580s] writing entry points to ../../build/hri_comms/hri_comms.egg-info/entry_points.txt
[15.582s] writing requirements to ../../build/hri_comms/hri_comms.egg-info/requires.txt
[15.585s] writing top-level names to ../../build/hri_comms/hri_comms.egg-info/top_level.txt
[15.595s] reading manifest file '../../build/hri_comms/hri_comms.egg-info/SOURCES.txt'
[15.602s] writing manifest file '../../build/hri_comms/hri_comms.egg-info/SOURCES.txt'
[15.605s] running build
[15.606s] running build_py
[15.611s] copying hri_comms/udp_server.py -> /home/rpi/ros2_ws/build/hri_comms/build/lib/hri_comms
[15.625s] running install
[15.627s] running install_lib
[15.633s] copying /home/rpi/ros2_ws/build/hri_comms/build/lib/hri_comms/udp_server.py -> /home/rpi/ros2_ws/install/hri_comms/lib/python3.10/site-packages/hri_comms
[15.641s] byte-compiling /home/rpi/ros2_ws/install/hri_comms/lib/python3.10/site-packages/hri_comms/udp_server.py to udp_server.cpython-310.pyc
[15.647s] running install_data
[15.651s] running install_egg_info
[15.663s] removing '/home/rpi/ros2_ws/install/hri_comms/lib/python3.10/site-packages/hri_comms-0.0.0-py3.10.egg-info' (and everything under it)
[15.667s] Copying ../../build/hri_comms/hri_comms.egg-info to /home/rpi/ros2_ws/install/hri_comms/lib/python3.10/site-packages/hri_comms-0.0.0-py3.10.egg-info
[15.680s] running install_scripts
[15.815s] Installing data_handler script to /home/rpi/ros2_ws/install/hri_comms/lib/hri_comms
[15.817s] Installing udp_server script to /home/rpi/ros2_ws/install/hri_comms/lib/hri_comms
[15.827s] writing list of installed files to '/home/rpi/ros2_ws/build/hri_comms/install.log'
[16.246s] Invoked command in '/home/rpi/ros2_ws/src/hri_comms' returned '0': PYTHONPATH=/home/rpi/ros2_ws/build/hri_comms/prefix_override:/home/rpi/ros2_ws/install/hri_comms/lib/python3.10/site-packages:${PYTHONPATH} /usr/bin/python3 setup.py egg_info --egg-base ../../build/hri_comms build --build-base /home/rpi/ros2_ws/build/hri_comms/build install --record /home/rpi/ros2_ws/build/hri_comms/install.log --single-version-externally-managed
