[13.466s] Invoking command in '/home/rpi/ros2_ws/src/hri_comms': PYTHONPATH=/home/rpi/ros2_ws/build/hri_comms/prefix_override:/home/rpi/ros2_ws/install/hri_comms/lib/python3.10/site-packages:${PYTHONPATH} /usr/bin/python3 setup.py egg_info --egg-base ../../build/hri_comms build --build-base /home/rpi/ros2_ws/build/hri_comms/build install --record /home/rpi/ros2_ws/build/hri_comms/install.log --single-version-externally-managed
[15.717s] running egg_info
[15.720s] writing ../../build/hri_comms/hri_comms.egg-info/PKG-INFO
[15.722s] writing dependency_links to ../../build/hri_comms/hri_comms.egg-info/dependency_links.txt
[15.723s] writing entry points to ../../build/hri_comms/hri_comms.egg-info/entry_points.txt
[15.723s] writing requirements to ../../build/hri_comms/hri_comms.egg-info/requires.txt
[15.724s] writing top-level names to ../../build/hri_comms/hri_comms.egg-info/top_level.txt
[15.734s] reading manifest file '../../build/hri_comms/hri_comms.egg-info/SOURCES.txt'
[15.740s] writing manifest file '../../build/hri_comms/hri_comms.egg-info/SOURCES.txt'
[15.741s] running build
[15.741s] running build_py
[15.744s] running install
[15.746s] running install_lib
[15.755s] running install_data
[15.759s] running install_egg_info
[15.777s] removing '/home/rpi/ros2_ws/install/hri_comms/lib/python3.10/site-packages/hri_comms-0.0.0-py3.10.egg-info' (and everything under it)
[15.783s] Copying ../../build/hri_comms/hri_comms.egg-info to /home/rpi/ros2_ws/install/hri_comms/lib/python3.10/site-packages/hri_comms-0.0.0-py3.10.egg-info
[15.796s] running install_scripts
[16.018s] Installing data_handler script to /home/rpi/ros2_ws/install/hri_comms/lib/hri_comms
[16.020s] Installing udp_server script to /home/rpi/ros2_ws/install/hri_comms/lib/hri_comms
[16.025s] writing list of installed files to '/home/rpi/ros2_ws/build/hri_comms/install.log'
[16.722s] Invoked command in '/home/rpi/ros2_ws/src/hri_comms' returned '0': PYTHONPATH=/home/rpi/ros2_ws/build/hri_comms/prefix_override:/home/rpi/ros2_ws/install/hri_comms/lib/python3.10/site-packages:${PYTHONPATH} /usr/bin/python3 setup.py egg_info --egg-base ../../build/hri_comms build --build-base /home/rpi/ros2_ws/build/hri_comms/build install --record /home/rpi/ros2_ws/build/hri_comms/install.log --single-version-externally-managed
