[10.375s] Invoking command in '/home/rpi/ros2_ws/src/servo_controller': PYTHONPATH=/home/rpi/ros2_ws/build/servo_controller/prefix_override:/home/rpi/ros2_ws/install/servo_controller/lib/python3.10/site-packages:${PYTHONPATH} /usr/bin/python3 setup.py egg_info --egg-base ../../build/servo_controller build --build-base /home/rpi/ros2_ws/build/servo_controller/build install --record /home/rpi/ros2_ws/build/servo_controller/install.log --single-version-externally-managed
[12.318s] running egg_info
[12.323s] writing ../../build/servo_controller/servo_controller.egg-info/PKG-INFO
[12.326s] writing dependency_links to ../../build/servo_controller/servo_controller.egg-info/dependency_links.txt
[12.330s] writing entry points to ../../build/servo_controller/servo_controller.egg-info/entry_points.txt
[12.333s] writing requirements to ../../build/servo_controller/servo_controller.egg-info/requires.txt
[12.336s] writing top-level names to ../../build/servo_controller/servo_controller.egg-info/top_level.txt
[12.349s] reading manifest file '../../build/servo_controller/servo_controller.egg-info/SOURCES.txt'
[12.358s] writing manifest file '../../build/servo_controller/servo_controller.egg-info/SOURCES.txt'
[12.360s] running build
[12.362s] running build_py
[12.366s] running install
[12.373s] running install_lib
[12.387s] running install_data
[12.398s] running install_egg_info
[12.436s] removing '/home/rpi/ros2_ws/install/servo_controller/lib/python3.10/site-packages/servo_controller-0.0.0-py3.10.egg-info' (and everything under it)
[12.448s] Copying ../../build/servo_controller/servo_controller.egg-info to /home/rpi/ros2_ws/install/servo_controller/lib/python3.10/site-packages/servo_controller-0.0.0-py3.10.egg-info
[12.480s] running install_scripts
[12.704s] Installing actuate_servo script to /home/rpi/ros2_ws/install/servo_controller/lib/servo_controller
[12.706s] Installing keyboard_input script to /home/rpi/ros2_ws/install/servo_controller/lib/servo_controller
[12.708s] writing list of installed files to '/home/rpi/ros2_ws/build/servo_controller/install.log'
[13.656s] Invoked command in '/home/rpi/ros2_ws/src/servo_controller' returned '0': PYTHONPATH=/home/rpi/ros2_ws/build/servo_controller/prefix_override:/home/rpi/ros2_ws/install/servo_controller/lib/python3.10/site-packages:${PYTHONPATH} /usr/bin/python3 setup.py egg_info --egg-base ../../build/servo_controller build --build-base /home/rpi/ros2_ws/build/servo_controller/build install --record /home/rpi/ros2_ws/build/servo_controller/install.log --single-version-externally-managed
