[10.381s] Invoking command in '/home/rpi/ros2_ws/src/servo_controller': PYTHONPATH=/home/rpi/ros2_ws/build/servo_controller/prefix_override:/home/rpi/ros2_ws/install/servo_controller/lib/python3.10/site-packages:${PYTHONPATH} /usr/bin/python3 setup.py egg_info --egg-base ../../build/servo_controller build --build-base /home/rpi/ros2_ws/build/servo_controller/build install --record /home/rpi/ros2_ws/build/servo_controller/install.log --single-version-externally-managed
[12.341s] running egg_info
[12.345s] writing ../../build/servo_controller/servo_controller.egg-info/PKG-INFO
[12.347s] writing dependency_links to ../../build/servo_controller/servo_controller.egg-info/dependency_links.txt
[12.350s] writing entry points to ../../build/servo_controller/servo_controller.egg-info/entry_points.txt
[12.351s] writing requirements to ../../build/servo_controller/servo_controller.egg-info/requires.txt
[12.352s] writing top-level names to ../../build/servo_controller/servo_controller.egg-info/top_level.txt
[12.364s] reading manifest file '../../build/servo_controller/servo_controller.egg-info/SOURCES.txt'
[12.370s] writing manifest file '../../build/servo_controller/servo_controller.egg-info/SOURCES.txt'
[12.371s] running build
[12.371s] running build_py
[12.373s] running install
[12.375s] running install_lib
[12.384s] running install_data
[12.389s] running install_egg_info
[12.403s] removing '/home/rpi/ros2_ws/install/servo_controller/lib/python3.10/site-packages/servo_controller-0.0.0-py3.10.egg-info' (and everything under it)
[12.406s] Copying ../../build/servo_controller/servo_controller.egg-info to /home/rpi/ros2_ws/install/servo_controller/lib/python3.10/site-packages/servo_controller-0.0.0-py3.10.egg-info
[12.420s] running install_scripts
[12.657s] Installing actuate_servo script to /home/rpi/ros2_ws/install/servo_controller/lib/servo_controller
[12.660s] Installing keyboard_input script to /home/rpi/ros2_ws/install/servo_controller/lib/servo_controller
[12.666s] writing list of installed files to '/home/rpi/ros2_ws/build/servo_controller/install.log'
[13.700s] Invoked command in '/home/rpi/ros2_ws/src/servo_controller' returned '0': PYTHONPATH=/home/rpi/ros2_ws/build/servo_controller/prefix_override:/home/rpi/ros2_ws/install/servo_controller/lib/python3.10/site-packages:${PYTHONPATH} /usr/bin/python3 setup.py egg_info --egg-base ../../build/servo_controller build --build-base /home/rpi/ros2_ws/build/servo_controller/build install --record /home/rpi/ros2_ws/build/servo_controller/install.log --single-version-externally-managed
