[11.709s] Invoking command in '/home/rpi/ros2_ws/src/hri_comms': PYTHONPATH=/home/rpi/ros2_ws/build/hri_comms/prefix_override:/home/rpi/ros2_ws/install/hri_comms/lib/python3.10/site-packages:${PYTHONPATH} /usr/bin/python3 setup.py egg_info --egg-base ../../build/hri_comms build --build-base /home/rpi/ros2_ws/build/hri_comms/build install --record /home/rpi/ros2_ws/build/hri_comms/install.log --single-version-externally-managed
[13.609s] running egg_info
[13.612s] writing ../../build/hri_comms/hri_comms.egg-info/PKG-INFO
[13.613s] writing dependency_links to ../../build/hri_comms/hri_comms.egg-info/dependency_links.txt
[13.616s] writing entry points to ../../build/hri_comms/hri_comms.egg-info/entry_points.txt
[13.619s] writing requirements to ../../build/hri_comms/hri_comms.egg-info/requires.txt
[13.620s] writing top-level names to ../../build/hri_comms/hri_comms.egg-info/top_level.txt
[13.630s] reading manifest file '../../build/hri_comms/hri_comms.egg-info/SOURCES.txt'
[13.637s] writing manifest file '../../build/hri_comms/hri_comms.egg-info/SOURCES.txt'
[13.639s] running build
[13.639s] running build_py
[13.641s] running install
[13.643s] running install_lib
[13.651s] running install_data
[13.654s] running install_egg_info
[13.665s] removing '/home/rpi/ros2_ws/install/hri_comms/lib/python3.10/site-packages/hri_comms-0.0.0-py3.10.egg-info' (and everything under it)
[13.667s] Copying ../../build/hri_comms/hri_comms.egg-info to /home/rpi/ros2_ws/install/hri_comms/lib/python3.10/site-packages/hri_comms-0.0.0-py3.10.egg-info
[13.676s] running install_scripts
[13.807s] Installing data_handler script to /home/rpi/ros2_ws/install/hri_comms/lib/hri_comms
[13.810s] Installing udp_server script to /home/rpi/ros2_ws/install/hri_comms/lib/hri_comms
[13.815s] writing list of installed files to '/home/rpi/ros2_ws/build/hri_comms/install.log'
[14.545s] Invoked command in '/home/rpi/ros2_ws/src/hri_comms' returned '0': PYTHONPATH=/home/rpi/ros2_ws/build/hri_comms/prefix_override:/home/rpi/ros2_ws/install/hri_comms/lib/python3.10/site-packages:${PYTHONPATH} /usr/bin/python3 setup.py egg_info --egg-base ../../build/hri_comms build --build-base /home/rpi/ros2_ws/build/hri_comms/build install --record /home/rpi/ros2_ws/build/hri_comms/install.log --single-version-externally-managed
