[11.588s] Invoking command in '/home/rpi/ros2_ws/src/hri_comms': PYTHONPATH=/home/rpi/ros2_ws/build/hri_comms/prefix_override:/home/rpi/ros2_ws/install/hri_comms/lib/python3.10/site-packages:${PYTHONPATH} /usr/bin/python3 setup.py egg_info --egg-base ../../build/hri_comms build --build-base /home/rpi/ros2_ws/build/hri_comms/build install --record /home/rpi/ros2_ws/build/hri_comms/install.log --single-version-externally-managed
[13.512s] running egg_info
[13.517s] writing ../../build/hri_comms/hri_comms.egg-info/PKG-INFO
[13.518s] writing dependency_links to ../../build/hri_comms/hri_comms.egg-info/dependency_links.txt
[13.521s] writing entry points to ../../build/hri_comms/hri_comms.egg-info/entry_points.txt
[13.523s] writing requirements to ../../build/hri_comms/hri_comms.egg-info/requires.txt
[13.524s] writing top-level names to ../../build/hri_comms/hri_comms.egg-info/top_level.txt
[13.536s] reading manifest file '../../build/hri_comms/hri_comms.egg-info/SOURCES.txt'
[13.541s] writing manifest file '../../build/hri_comms/hri_comms.egg-info/SOURCES.txt'
[13.542s] running build
[13.543s] running build_py
[13.547s] running install
[13.550s] running install_lib
[13.557s] running install_data
[13.560s] running install_egg_info
[13.572s] removing '/home/rpi/ros2_ws/install/hri_comms/lib/python3.10/site-packages/hri_comms-0.0.0-py3.10.egg-info' (and everything under it)
[13.574s] Copying ../../build/hri_comms/hri_comms.egg-info to /home/rpi/ros2_ws/install/hri_comms/lib/python3.10/site-packages/hri_comms-0.0.0-py3.10.egg-info
[13.585s] running install_scripts
[13.700s] Installing data_handler script to /home/rpi/ros2_ws/install/hri_comms/lib/hri_comms
[13.703s] Installing udp_server script to /home/rpi/ros2_ws/install/hri_comms/lib/hri_comms
[13.707s] writing list of installed files to '/home/rpi/ros2_ws/build/hri_comms/install.log'
[14.003s] Invoked command in '/home/rpi/ros2_ws/src/hri_comms' returned '0': PYTHONPATH=/home/rpi/ros2_ws/build/hri_comms/prefix_override:/home/rpi/ros2_ws/install/hri_comms/lib/python3.10/site-packages:${PYTHONPATH} /usr/bin/python3 setup.py egg_info --egg-base ../../build/hri_comms build --build-base /home/rpi/ros2_ws/build/hri_comms/build install --record /home/rpi/ros2_ws/build/hri_comms/install.log --single-version-externally-managed
