[13.055s] Invoking command in '/home/rpi/ros2_ws/src/hri_comms': PYTHONPATH=/home/rpi/ros2_ws/build/hri_comms/prefix_override:/home/rpi/ros2_ws/install/hri_comms/lib/python3.10/site-packages:${PYTHONPATH} /usr/bin/python3 setup.py egg_info --egg-base ../../build/hri_comms build --build-base /home/rpi/ros2_ws/build/hri_comms/build install --record /home/rpi/ros2_ws/build/hri_comms/install.log --single-version-externally-managed
[15.444s] running egg_info
[15.453s] writing ../../build/hri_comms/hri_comms.egg-info/PKG-INFO
[15.455s] writing dependency_links to ../../build/hri_comms/hri_comms.egg-info/dependency_links.txt
[15.456s] writing entry points to ../../build/hri_comms/hri_comms.egg-info/entry_points.txt
[15.457s] writing requirements to ../../build/hri_comms/hri_comms.egg-info/requires.txt
[15.458s] writing top-level names to ../../build/hri_comms/hri_comms.egg-info/top_level.txt
[15.471s] reading manifest file '../../build/hri_comms/hri_comms.egg-info/SOURCES.txt'
[15.480s] writing manifest file '../../build/hri_comms/hri_comms.egg-info/SOURCES.txt'
[15.484s] running build
[15.486s] running build_py
[15.487s] running install
[15.489s] running install_lib
[15.502s] running install_data
[15.506s] running install_egg_info
[15.526s] removing '/home/rpi/ros2_ws/install/hri_comms/lib/python3.10/site-packages/hri_comms-0.0.0-py3.10.egg-info' (and everything under it)
[15.536s] Copying ../../build/hri_comms/hri_comms.egg-info to /home/rpi/ros2_ws/install/hri_comms/lib/python3.10/site-packages/hri_comms-0.0.0-py3.10.egg-info
[15.555s] running install_scripts
[15.776s] Installing data_handler script to /home/rpi/ros2_ws/install/hri_comms/lib/hri_comms
[15.777s] Installing udp_server script to /home/rpi/ros2_ws/install/hri_comms/lib/hri_comms
[15.780s] writing list of installed files to '/home/rpi/ros2_ws/build/hri_comms/install.log'
[16.444s] Invoked command in '/home/rpi/ros2_ws/src/hri_comms' returned '0': PYTHONPATH=/home/rpi/ros2_ws/build/hri_comms/prefix_override:/home/rpi/ros2_ws/install/hri_comms/lib/python3.10/site-packages:${PYTHONPATH} /usr/bin/python3 setup.py egg_info --egg-base ../../build/hri_comms build --build-base /home/rpi/ros2_ws/build/hri_comms/build install --record /home/rpi/ros2_ws/build/hri_comms/install.log --single-version-externally-managed
